Component: ARM Compiler 5.06 update 7 (build 960) Tool: armlink [4d3601]

==============================================================================

Section Cross References

    startup_stm32f407xx.o(STACK) refers (Special) to heapauxi.o(.text) for __use_two_region_memory
    startup_stm32f407xx.o(HEAP) refers (Special) to heapauxi.o(.text) for __use_two_region_memory
    startup_stm32f407xx.o(RESET) refers (Special) to heapauxi.o(.text) for __use_two_region_memory
    startup_stm32f407xx.o(RESET) refers to startup_stm32f407xx.o(STACK) for __initial_sp
    startup_stm32f407xx.o(RESET) refers to startup_stm32f407xx.o(.text) for Reset_Handler
    startup_stm32f407xx.o(RESET) refers to stm32f4xx_it.o(i.NMI_Handler) for NMI_Handler
    startup_stm32f407xx.o(RESET) refers to stm32f4xx_it.o(i.HardFault_Handler) for HardFault_Handler
    startup_stm32f407xx.o(RESET) refers to stm32f4xx_it.o(i.MemManage_Handler) for MemManage_Handler
    startup_stm32f407xx.o(RESET) refers to stm32f4xx_it.o(i.BusFault_Handler) for BusFault_Handler
    startup_stm32f407xx.o(RESET) refers to stm32f4xx_it.o(i.UsageFault_Handler) for UsageFault_Handler
    startup_stm32f407xx.o(RESET) refers to stm32f4xx_it.o(i.SVC_Handler) for SVC_Handler
    startup_stm32f407xx.o(RESET) refers to stm32f4xx_it.o(i.DebugMon_Handler) for DebugMon_Handler
    startup_stm32f407xx.o(RESET) refers to stm32f4xx_it.o(i.PendSV_Handler) for PendSV_Handler
    startup_stm32f407xx.o(RESET) refers to stm32f4xx_it.o(i.SysTick_Handler) for SysTick_Handler
    startup_stm32f407xx.o(RESET) refers to stm32f4xx_it.o(i.DMA1_Stream0_IRQHandler) for DMA1_Stream0_IRQHandler
    startup_stm32f407xx.o(RESET) refers to stm32f4xx_it.o(i.DMA1_Stream2_IRQHandler) for DMA1_Stream2_IRQHandler
    startup_stm32f407xx.o(RESET) refers to stm32f4xx_it.o(i.DMA1_Stream5_IRQHandler) for DMA1_Stream5_IRQHandler
    startup_stm32f407xx.o(RESET) refers to stm32f4xx_it.o(i.TIM2_IRQHandler) for TIM2_IRQHandler
    startup_stm32f407xx.o(RESET) refers to stm32f4xx_it.o(i.I2C2_EV_IRQHandler) for I2C2_EV_IRQHandler
    startup_stm32f407xx.o(RESET) refers to stm32f4xx_it.o(i.USART1_IRQHandler) for USART1_IRQHandler
    startup_stm32f407xx.o(RESET) refers to stm32f4xx_it.o(i.USART2_IRQHandler) for USART2_IRQHandler
    startup_stm32f407xx.o(RESET) refers to stm32f4xx_it.o(i.DMA1_Stream7_IRQHandler) for DMA1_Stream7_IRQHandler
    startup_stm32f407xx.o(RESET) refers to stm32f4xx_it.o(i.UART4_IRQHandler) for UART4_IRQHandler
    startup_stm32f407xx.o(RESET) refers to stm32f4xx_it.o(i.UART5_IRQHandler) for UART5_IRQHandler
    startup_stm32f407xx.o(RESET) refers to stm32f4xx_it.o(i.DMA2_Stream1_IRQHandler) for DMA2_Stream1_IRQHandler
    startup_stm32f407xx.o(RESET) refers to stm32f4xx_it.o(i.DMA2_Stream2_IRQHandler) for DMA2_Stream2_IRQHandler
    startup_stm32f407xx.o(RESET) refers to stm32f4xx_it.o(i.USART6_IRQHandler) for USART6_IRQHandler
    startup_stm32f407xx.o(.text) refers (Special) to heapauxi.o(.text) for __use_two_region_memory
    startup_stm32f407xx.o(.text) refers to system_stm32f4xx.o(i.SystemInit) for SystemInit
    startup_stm32f407xx.o(.text) refers to __main.o(!!!main) for __main
    startup_stm32f407xx.o(.text) refers to startup_stm32f407xx.o(HEAP) for Heap_Mem
    startup_stm32f407xx.o(.text) refers to startup_stm32f407xx.o(STACK) for Stack_Mem
    main.o(i.SystemClock_Config) refers to rt_memclr_w.o(.text) for __aeabi_memclr4
    main.o(i.SystemClock_Config) refers to stm32f4xx_hal_rcc.o(i.HAL_RCC_OscConfig) for HAL_RCC_OscConfig
    main.o(i.SystemClock_Config) refers to main.o(i.Error_Handler) for Error_Handler
    main.o(i.SystemClock_Config) refers to stm32f4xx_hal_rcc.o(i.HAL_RCC_ClockConfig) for HAL_RCC_ClockConfig
    main.o(i.main) refers to stm32f4xx_hal.o(i.HAL_Init) for HAL_Init
    main.o(i.main) refers to main.o(i.SystemClock_Config) for SystemClock_Config
    main.o(i.main) refers to gpio.o(i.MX_GPIO_Init) for MX_GPIO_Init
    main.o(i.main) refers to dma.o(i.MX_DMA_Init) for MX_DMA_Init
    main.o(i.main) refers to usart.o(i.MX_UART5_Init) for MX_UART5_Init
    main.o(i.main) refers to i2c.o(i.MX_I2C2_Init) for MX_I2C2_Init
    main.o(i.main) refers to tim.o(i.MX_TIM1_Init) for MX_TIM1_Init
    main.o(i.main) refers to tim.o(i.MX_TIM3_Init) for MX_TIM3_Init
    main.o(i.main) refers to tim.o(i.MX_TIM4_Init) for MX_TIM4_Init
    main.o(i.main) refers to tim.o(i.MX_TIM2_Init) for MX_TIM2_Init
    main.o(i.main) refers to i2c.o(i.MX_I2C1_Init) for MX_I2C1_Init
    main.o(i.main) refers to usart.o(i.MX_USART1_UART_Init) for MX_USART1_UART_Init
    main.o(i.main) refers to usart.o(i.MX_USART6_UART_Init) for MX_USART6_UART_Init
    main.o(i.main) refers to usart.o(i.MX_UART4_Init) for MX_UART4_Init
    main.o(i.main) refers to usart.o(i.MX_USART2_UART_Init) for MX_USART2_UART_Init
    main.o(i.main) refers to spi.o(i.MX_SPI1_Init) for MX_SPI1_Init
    main.o(i.main) refers to tim.o(i.MX_TIM14_Init) for MX_TIM14_Init
[...]
    ordinary_page_6_4_item                   0x2000c0a8   Data          44  easy_menu_user.o(.bss)
    ordinary_page_7                          0x2000c0d4   Data          40  easy_menu_user.o(.bss)
    ordinary_page_7_1_item                   0x2000c0fc   Data          44  easy_menu_user.o(.bss)
    ordinary_page_7_2_item                   0x2000c128   Data          44  easy_menu_user.o(.bss)
    ordinary_page_7_3_item                   0x2000c154   Data          20  easy_menu_user.o(.bss)
    ordinary_page_8                          0x2000c168   Data          40  easy_menu_user.o(.bss)
    ordinary_page_8_1_item                   0x2000c190   Data          36  easy_menu_user.o(.bss)
    ordinary_page_8_2_item                   0x2000c1b4   Data          36  easy_menu_user.o(.bss)
    ordinary_page_9                          0x2000c1d8   Data          40  easy_menu_user.o(.bss)
    ordinary_page_9_1_item                   0x2000c200   Data          36  easy_menu_user.o(.bss)
    ordinary_page_9_2_item                   0x2000c224   Data          20  easy_menu_user.o(.bss)
    ordinary_page_10                         0x2000c238   Data          40  easy_menu_user.o(.bss)
    ordinary_page_10_1_item                  0x2000c260   Data          20  easy_menu_user.o(.bss)
    ordinary_page_10_2_item                  0x2000c274   Data          20  easy_menu_user.o(.bss)
    ordinary_page_10_3_item                  0x2000c288   Data          20  easy_menu_user.o(.bss)
    ordinary_page_10_4_item                  0x2000c29c   Data          20  easy_menu_user.o(.bss)
    ordinary_page_10_5_item                  0x2000c2b0   Data          20  easy_menu_user.o(.bss)
    ordinary_page_10_6_item                  0x2000c2c4   Data          20  easy_menu_user.o(.bss)
    ordinary_page_10_7_item                  0x2000c2d8   Data          20  easy_menu_user.o(.bss)
    ordinary_page_10_8_item                  0x2000c2ec   Data          20  easy_menu_user.o(.bss)
    ordinary_page_10_9_item                  0x2000c300   Data          20  easy_menu_user.o(.bss)
    ordinary_page_10_10_item                 0x2000c314   Data          20  easy_menu_user.o(.bss)
    github_page_1                            0x2000c328   Data          48  easy_menu_user.o(.bss)
    bilibili_page_2                          0x2000c358   Data          48  easy_menu_user.o(.bss)
    Data                                     0x2000c388   Data           9  pstwo.o(.bss)
    uart1_rx_dma_buffer                      0x2000d3a0   Data         128  uart_driver.o(.bss)
    uart1_ring_buffer_input                  0x2000d420   Data         128  uart_driver.o(.bss)
    uart1_ring_buffer                        0x2000d4a0   Data          12  uart_driver.o(.bss)
    uart1_data_buffer                        0x2000d4ac   Data         128  uart_driver.o(.bss)
    uart2_rx_dma_buffer                      0x2000d52c   Data         128  uart_driver.o(.bss)
    uart2_ring_buffer_input                  0x2000d5ac   Data         128  uart_driver.o(.bss)
    uart2_ring_buffer                        0x2000d62c   Data          12  uart_driver.o(.bss)
    uart2_data_buffer                        0x2000d638   Data         128  uart_driver.o(.bss)
    uart4_rx_dma_buffer                      0x2000d6b8   Data         128  uart_driver.o(.bss)
    uart4_ring_buffer_input                  0x2000d738   Data         128  uart_driver.o(.bss)
    uart4_ring_buffer                        0x2000d7b8   Data          12  uart_driver.o(.bss)
    uart4_data_buffer                        0x2000d7c4   Data         128  uart_driver.o(.bss)
    uart5_rx_dma_buffer                      0x2000d844   Data         128  uart_driver.o(.bss)
    uart5_ring_buffer_input                  0x2000d8c4   Data         128  uart_driver.o(.bss)
    uart5_ring_buffer                        0x2000d944   Data          12  uart_driver.o(.bss)
    uart5_data_buffer                        0x2000d950   Data         128  uart_driver.o(.bss)
    uart6_rx_dma_buffer                      0x2000d9d0   Data         128  uart_driver.o(.bss)
    uart6_ring_buffer_input                  0x2000da50   Data         128  uart_driver.o(.bss)
    uart6_ring_buffer                        0x2000dad0   Data          12  uart_driver.o(.bss)
    uart6_data_buffer                        0x2000dadc   Data         128  uart_driver.o(.bss)
    oled_dma_buffer                          0x2000db5c   Data         512  oled_driver.o(.bss)
    euler_angles                             0x2000dd5c   Data          48  gyroscope_driver.o(.bss)
    gyro_calibration                         0x2000dd8c   Data          24  gyroscope_driver.o(.bss)
    left_motor                               0x2000dda4   Data          28  motor_app.o(.bss)
    right_motor                              0x2000ddc0   Data          28  motor_app.o(.bss)
    left_encoder                             0x2000dddc   Data          20  encoder_app.o(.bss)
    right_encoder                            0x2000ddf0   Data          20  encoder_app.o(.bss)
    icm20608                                 0x2000de04   Data          88  gyroscope_app.o(.bss)
    pid_speed_left                           0x2000de5c   Data          60  pid_app.o(.bss)
    pid_speed_right                          0x2000de98   Data          60  pid_app.o(.bss)
    Humiture                                 0x2000ded4   Data          20  aht20_app.o(.bss)
    RTC_Time                                 0x2000dee8   Data          20  rtc_app.o(.bss)
    __libspace_start                         0x2000defc   Data          96  libspace.o(.bss)
    __temporary_stack_top$libspace           0x2000df5c   Data           0  libspace.o(.bss)



==============================================================================

Memory Map of the image

  Image Entry point : 0x08000189

  Load Region LR_IROM1 (Base: 0x08000000, Size: 0x0001dc8c, Max: 0x00080000, ABSOLUTE, COMPRESSED[0x000133d0])

    Execution Region ER_IROM1 (Exec base: 0x08000000, Load base: 0x08000000, Size: 0x000128d8, Max: 0x00080000, ABSOLUTE)

    Exec Addr    Load Addr    Size         Type   Attr      Idx    E Section Name        Object

    0x08000000   0x08000000   0x00000188   Data   RO            3    RESET               startup_stm32f407xx.o
    0x08000188   0x08000188   0x00000008   Code   RO         7889  * !!!main             c_w.l(__main.o)
    0x08000190   0x08000190   0x00000034   Code   RO         8409    !!!scatter          c_w.l(__scatter.o)
    0x080001c4   0x080001c4   0x00000064   Code   RO         8407    !!dclz77c           c_w.l(__dclz77c.o)
    0x08000228   0x08000228   0x0000001c   Code   RO         8411    !!handler_zi        c_w.l(__scatter_zi.o)
    0x08000244   0x08000244   0x00000000   Code   RO         8087    .ARM.Collect$$_printf_percent$$00000000  c_w.l(_printf_percent.o)
    0x08000244   0x08000244   0x00000006   Code   RO         8076    .ARM.Collect$$_printf_percent$$00000001  c_w.l(_printf_n.o)
    0x0800024a   0x0800024a   0x00000006   Code   RO         8078    .ARM.Collect$$_printf_percent$$00000002  c_w.l(_printf_p.o)
    0x08000250   0x08000250   0x00000006   Code   RO         8083    .ARM.Collect$$_printf_percent$$00000003  c_w.l(_printf_f.o)
    0x08000256   0x08000256   0x00000006   Code   RO         8084    .ARM.Collect$$_printf_percent$$00000004  c_w.l(_printf_e.o)
    0x0800025c   0x0800025c   0x00000006   Code   RO         8085    .ARM.Collect$$_printf_percent$$00000005  c_w.l(_printf_g.o)
    0x08000262   0x08000262   0x00000006   Code   RO         8086    .ARM.Collect$$_printf_percent$$00000006  c_w.l(_printf_a.o)
    0x08000268   0x08000268   0x0000000a   Code   RO         8091    .ARM.Collect$$_printf_percent$$00000007  c_w.l(_printf_ll.o)
    0x08000272   0x08000272   0x00000006   Code   RO         8080    .ARM.Collect$$_printf_percent$$00000008  c_w.l(_printf_i.o)
    0x08000278   0x08000278   0x00000006   Code   RO         8081    .ARM.Collect$$_printf_percent$$00000009  c_w.l(_printf_d.o)
    0x0800027e   0x0800027e   0x00000006   Code   RO         8082    .ARM.Collect$$_printf_percent$$0000000A  c_w.l(_printf_u.o)
    0x08000284   0x08000284   0x00000006   Code   RO         8079    .ARM.Collect$$_printf_percent$$0000000B  c_w.l(_printf_o.o)
    0x0800028a   0x0800028a   0x00000006   Code   RO         8077    .ARM.Collect$$_printf_percent$$0000000C  c_w.l(_printf_x.o)
    0x08000290   0x08000290   0x00000006   Code   RO         8088    .ARM.Collect$$_printf_percent$$0000000D  c_w.l(_printf_lli.o)
    0x08000296   0x08000296   0x00000006   Code   RO         8089    .ARM.Collect$$_printf_percent$$0000000E  c_w.l(_printf_lld.o)
    0x0800029c   0x0800029c   0x00000006   Code   RO         8090    .ARM.Collect$$_printf_percent$$0000000F  c_w.l(_printf_llu.o)
    0x080002a2   0x080002a2   0x00000006   Code   RO         8095    .ARM.Collect$$_printf_percent$$00000010  c_w.l(_printf_llo.o)
    0x080002a8   0x080002a8   0x00000006   Code   RO         8096    .ARM.Collect$$_printf_percent$$00000011  c_w.l(_printf_llx.o)
    0x080002ae   0x080002ae   0x0000000a   Code   RO         8092    .ARM.Collect$$_printf_percent$$00000012  c_w.l(_printf_l.o)
    0x080002b8   0x080002b8   0x00000006   Code   RO         8074    .ARM.Collect$$_printf_percent$$00000013  c_w.l(_printf_c.o)
    0x080002be   0x080002be   0x00000006   Code   RO         8075    .ARM.Collect$$_printf_percent$$00000014  c_w.l(_printf_s.o)
    0x080002c4   0x080002c4   0x00000006   Code   RO         8093    .ARM.Collect$$_printf_percent$$00000015  c_w.l(_printf_lc.o)
    0x080002ca   0x080002ca   0x00000006   Code   RO         8094    .ARM.Collect$$_printf_percent$$00000016  c_w.l(_printf_ls.o)
    0x080002d0   0x080002d0   0x00000004   Code   RO         8207    .ARM.Collect$$_printf_percent$$00000017  c_w.l(_printf_percent_end.o)
    0x080002d4   0x080002d4   0x00000002   Code   RO         8267    .ARM.Collect$$libinit$$00000000  c_w.l(libinit.o)
    0x080002d6   0x080002d6   0x00000004   Code   RO         8285    .ARM.Collect$$libinit$$00000001  c_w.l(libinit2.o)
    0x080002da   0x080002da   0x00000000   Code   RO         8288    .ARM.Collect$$libinit$$00000004  c_w.l(libinit2.o)
    0x080002da   0x080002da   0x00000000   Code   RO         8291    .ARM.Collect$$libinit$$0000000A  c_w.l(libinit2.o)
    0x080002da   0x080002da   0x00000000   Code   RO         8293    .ARM.Collect$$libinit$$0000000C  c_w.l(libinit2.o)
    0x080002da   0x080002da   0x00000000   Code   RO         8295    .ARM.Collect$$libinit$$0000000E  c_w.l(libinit2.o)
    0x080002da   0x080002da   0x00000006   Code   RO         8296    .ARM.Collect$$libinit$$0000000F  c_w.l(libinit2.o)
    0x080002e0   0x080002e0   0x00000000   Code   RO         8298    .ARM.Collect$$libinit$$00000011  c_w.l(libinit2.o)
    0x080002e0   0x080002e0   0x0000000c   Code   RO         8299    .ARM.Collect$$libinit$$00000012  c_w.l(libinit2.o)
    0x080002ec   0x080002ec   0x00000000   Code   RO         8300    .ARM.Collect$$libinit$$00000013  c_w.l(libinit2.o)
    0x080002ec   0x080002ec   0x00000000   Code   RO         8302    .ARM.Collect$$libinit$$00000015  c_w.l(libinit2.o)
    0x080002ec   0x080002ec   0x0000000a   Code   RO         8303    .ARM.Collect$$libinit$$00000016  c_w.l(libinit2.o)
    0x080002f6   0x080002f6   0x00000000   Code   RO         8304    .ARM.Collect$$libinit$$00000017  c_w.l(libinit2.o)
    0x080002f6   0x080002f6   0x00000000   Code   RO         8306    .ARM.Collect$$libinit$$00000019  c_w.l(libinit2.o)
    0x080002f6   0x080002f6   0x00000000   Code   RO         8308    .ARM.Collect$$libinit$$0000001B  c_w.l(libinit2.o)
    0x080002f6   0x080002f6   0x00000000   Code   RO         8310    .ARM.Collect$$libinit$$0000001D  c_w.l(libinit2.o)
    0x080002f6   0x080002f6   0x00000000   Code   RO         8312    .ARM.Collect$$libinit$$0000001F  c_w.l(libinit2.o)
    0x080002f6   0x080002f6   0x00000000   Code   RO         8314    .ARM.Collect$$libinit$$00000021  c_w.l(libinit2.o)
    0x080002f6   0x080002f6   0x00000000   Code   RO         8316    .ARM.Collect$$libinit$$00000023  c_w.l(libinit2.o)
    0x080002f6   0x080002f6   0x00000000   Code   RO         8318    .ARM.Collect$$libinit$$00000025  c_w.l(libinit2.o)
    0x080002f6   0x080002f6   0x00000000   Code   RO         8322    .ARM.Collect$$libinit$$0000002C  c_w.l(libinit2.o)
    0x080002f6   0x080002f6   0x00000000   Code   RO         8324    .ARM.Collect$$libinit$$0000002E  c_w.l(libinit2.o)
    0x080002f6   0x080002f6   0x00000000   Code   RO         8326    .ARM.Collect$$libinit$$00000030  c_w.l(libinit2.o)
    0x080002f6   0x080002f6   0x00000000   Code   RO         8328    .ARM.Collect$$libinit$$00000032  c_w.l(libinit2.o)
    0x080002f6   0x080002f6   0x00000002   Code   RO         8329    .ARM.Collect$$libinit$$00000033  c_w.l(libinit2.o)
    0x080002f8   0x080002f8   0x00000002   Code   RO         8362    .ARM.Collect$$libshutdown$$00000000  c_w.l(libshutdown.o)
    0x080002fa   0x080002fa   0x00000000   Code   RO         8388    .ARM.Collect$$libshutdown$$00000002  c_w.l(libshutdown2.o)
    0x080002fa   0x080002fa   0x00000000   Code   RO         8390    .ARM.Collect$$libshutdown$$00000004  c_w.l(libshutdown2.o)
    0x080002fa   0x080002fa   0x00000000   Code   RO         8392    .ARM.Collect$$libshutdown$$00000006  c_w.l(libshutdown2.o)
    0x080002fa   0x080002fa   0x00000000   Code   RO         8395    .ARM.Collect$$libshutdown$$00000009  c_w.l(libshutdown2.o)
    0x080002fa   0x080002fa   0x00000000   Code   RO         8398    .ARM.Collect$$libshutdown$$0000000C  c_w.l(libshutdown2.o)
    0x080002fa   0x080002fa   0x00000000   Code   RO         8400    .ARM.Collect$$libshutdown$$0000000E  c_w.l(libshutdown2.o)
    0x080002fa   0x080002fa   0x00000000   Code   RO         8403    .ARM.Collect$$libshutdown$$00000011  c_w.l(libshutdown2.o)
    0x080002fa   0x080002fa   0x00000002   Code   RO         8404    .ARM.Collect$$libshutdown$$00000012  c_w.l(libshutdown2.o)
    0x080002fc   0x080002fc   0x00000000   Code   RO         7997    .ARM.Collect$$rtentry$$00000000  c_w.l(__rtentry.o)
    0x080002fc   0x080002fc   0x00000000   Code   RO         8171    .ARM.Collect$$rtentry$$00000002  c_w.l(__rtentry2.o)
    0x080002fc   0x080002fc   0x00000006   Code   RO         8183    .ARM.Collect$$rtentry$$00000004  c_w.l(__rtentry4.o)
    0x08000302   0x08000302   0x00000000   Code   RO         8173    .ARM.Collect$$rtentry$$00000009  c_w.l(__rtentry2.o)
    0x08000302   0x08000302   0x00000004   Code   RO         8174    .ARM.Collect$$rtentry$$0000000A  c_w.l(__rtentry2.o)
    0x08000306   0x08000306   0x00000000   Code   RO         8176    .ARM.Collect$$rtentry$$0000000C  c_w.l(__rtentry2.o)
    0x08000306   0x08000306   0x00000008   Code   RO         8177    .ARM.Collect$$rtentry$$0000000D  c_w.l(__rtentry2.o)
    0x0800030e   0x0800030e   0x00000002   Code   RO         8272    .ARM.Collect$$rtexit$$00000000  c_w.l(rtexit.o)
    0x08000310   0x08000310   0x00000000   Code   RO         8335    .ARM.Collect$$rtexit$$00000002  c_w.l(rtexit2.o)
    0x08000310   0x08000310   0x00000004   Code   RO         8336    .ARM.Collect$$rtexit$$00000003  c_w.l(rtexit2.o)
    0x08000314   0x08000314   0x00000006   Code   RO         8337    .ARM.Collect$$rtexit$$00000004  c_w.l(rtexit2.o)
    0x0800031a   0x0800031a   0x00000002   PAD
    0x0800031c   0x0800031c   0x00000040   Code   RO            4    .text               startup_stm32f407xx.o
    0x0800035c   0x0800035c   0x000000ee   Code   RO         7869    .text               c_w.l(lludivv7m.o)
    0x0800044a   0x0800044a   0x00000002   PAD
    0x0800044c   0x0800044c   0x00000034   Code   RO         7871    .text               c_w.l(vsnprintf.o)
    0x08000480   0x08000480   0x00000058   Code   RO         7873    .text               c_w.l(memcmp.o)
    0x080004d8   0x080004d8   0x0000003e   Code   RO         7877    .text               c_w.l(strlen.o)
    0x08000516   0x08000516   0x0000008a   Code   RO         7879    .text               c_w.l(rt_memcpy_v6.o)
    0x080005a0   0x080005a0   0x00000064   Code   RO         7881    .text               c_w.l(rt_memcpy_w.o)
    0x08000604   0x08000604   0x00000044   Code   RO         7883    .text               c_w.l(rt_memclr.o)
    0x08000648   0x08000648   0x0000004e   Code   RO         7885    .text               c_w.l(rt_memclr_w.o)
    0x08000696   0x08000696   0x00000006   Code   RO         7887    .text               c_w.l(heapauxi.o)
    0x0800069c   0x0800069c   0x00000016   Code   RO         8002    .text               c_w.l(_rserrno.o)
    0x080006b2   0x080006b2   0x0000004e   Code   RO         8006    .text               c_w.l(_printf_pad.o)
    0x08000700   0x08000700   0x00000024   Code   RO         8008    .text               c_w.l(_printf_truncate.o)
    0x08000724   0x08000724   0x00000052   Code   RO         8010    .text               c_w.l(_printf_str.o)
    0x08000776   0x08000776   0x00000002   PAD
    0x08000778   0x08000778   0x00000078   Code   RO         8012    .text               c_w.l(_printf_dec.o)
    0x080007f0   0x080007f0   0x00000028   Code   RO         8014    .text               c_w.l(_printf_charcount.o)
    0x08000818   0x08000818   0x00000030   Code   RO         8016    .text               c_w.l(_printf_char_common.o)
    0x08000848   0x08000848   0x0000000a   Code   RO         8018    .text               c_w.l(_sputc.o)
    0x08000852   0x08000852   0x00000010   Code   RO         8020    .text               c_w.l(_snputc.o)
    0x08000862   0x08000862   0x00000002   PAD
    0x08000864   0x08000864   0x000000bc   Code   RO         8022    .text               c_w.l(_printf_wctomb.o)
    0x08000920   0x08000920   0x0000007c   Code   RO         8025    .text               c_w.l(_printf_longlong_dec.o)
    0x0800099c   0x0800099c   0x00000070   Code   RO         8031    .text               c_w.l(_printf_oct_int_ll.o)
    0x08000a0c   0x08000a0c   0x00000094   Code   RO         8051    .text               c_w.l(_printf_hex_int_ll_ptr.o)
    0x08000aa0   0x08000aa0   0x00000188   Code   RO         8071    .text               c_w.l(__printf_flags_ss_wp.o)
    0x08000c28   0x08000c28   0x00000008   Code   RO         8190    .text               c_w.l(rt_errno_addr_intlibspace.o)
    0x08000c30   0x08000c30   0x0000008a   Code   RO         8192    .text               c_w.l(lludiv10.o)
    0x08000cba   0x08000cba   0x000000b2   Code   RO         8194    .text               c_w.l(_printf_intcommon.o)
    0x08000d6c   0x08000d6c   0x0000041e   Code   RO         8196    .text               c_w.l(_printf_fp_dec.o)
    0x0800118a   0x0800118a   0x00000002   PAD
    0x0800118c   0x0800118c   0x000002fc   Code   RO         8198    .text               c_w.l(_printf_fp_hex.o)
    0x08001488   0x08001488   0x0000002c   Code   RO         8203    .text               c_w.l(_printf_char.o)
    0x080014b4   0x080014b4   0x0000002c   Code   RO         8205    .text               c_w.l(_printf_wchar.o)
    0x080014e0   0x080014e0   0x00000040   Code   RO         8208    .text               c_w.l(_wcrtomb.o)
    0x08001520   0x08001520   0x00000008   Code   RO         8214    .text               c_w.l(libspace.o)
    0x08001528   0x08001528   0x0000004a   Code   RO         8217    .text               c_w.l(sys_stackheap_outer.o)
    0x08001572   0x08001572   0x00000002   PAD
    0x08001574   0x08001574   0x00000010   Code   RO         8219    .text               c_w.l(rt_ctype_table.o)
    0x08001584   0x08001584   0x00000008   Code   RO         8224    .text               c_w.l(rt_locale_intlibspace.o)
    0x0800158c   0x0800158c   0x00000080   Code   RO         8226    .text               c_w.l(_printf_fp_infnan.o)
    0x0800160c   0x0800160c   0x000000e4   Code   RO         8228    .text               c_w.l(bigflt0.o)
    0x080016f0   0x080016f0   0x00000012   Code   RO         8256    .text               c_w.l(exit.o)
    0x08001702   0x08001702   0x00000002   PAD
    0x08001704   0x08001704   0x00000080   Code   RO         8283    .text               c_w.l(strcmpv7m.o)
    0x08001784   0x08001784   0x0000000c   Code   RO         8332    .text               c_w.l(sys_exit.o)
    0x08001790   0x08001790   0x00000002   Code   RO         8351    .text               c_w.l(use_no_semi.o)
    0x08001792   0x08001792   0x00000000   Code   RO         8353    .text               c_w.l(indicate_semi.o)
    0x08001792   0x08001792   0x0000003e   Code   RO         8231    CL$$btod_d2e        c_w.l(btod.o)
    0x080017d0   0x080017d0   0x00000046   Code   RO         8233    CL$$btod_d2e_denorm_low  c_w.l(btod.o)
    0x08001816   0x08001816   0x00000060   Code   RO         8232    CL$$btod_d2e_norm_op1  c_w.l(btod.o)
    0x08001876   0x08001876   0x00000338   Code   RO         8241    CL$$btod_div_common  c_w.l(btod.o)
    0x08001bae   0x08001bae   0x000000dc   Code   RO         8238    CL$$btod_e2e        c_w.l(btod.o)
    0x08001c8a   0x08001c8a   0x0000002a   Code   RO         8235    CL$$btod_ediv       c_w.l(btod.o)
    0x08001cb4   0x08001cb4   0x0000002a   Code   RO         8234    CL$$btod_emul       c_w.l(btod.o)
    0x08001cde   0x08001cde   0x00000244   Code   RO         8240    CL$$btod_mult_common  c_w.l(btod.o)
    0x08001f22   0x08001f22   0x0000001c   Code   RO         5869    i.AHT20_Get_Value   aht20.o
    0x08001f3e   0x08001f3e   0x00000002   PAD
    0x08001f40   0x08001f40   0x00000020   Code   RO         5870    i.AHT20_IcInitCmd   aht20.o
    0x08001f60   0x08001f60   0x00000052   Code   RO         5871    i.AHT20_Init        aht20.o
    0x08001fb2   0x08001fb2   0x0000000e   Code   RO         5872    i.AHT20_ReadBusyCmd  aht20.o
    0x08001fc0   0x08001fc0   0x00000010   Code   RO         5873    i.AHT20_ReadCalEnableCmd  aht20.o
    0x08001fd0   0x08001fd0   0x00000078   Code   RO         5874    i.AHT20_ReadHT      aht20.o
    0x08002048   0x08002048   0x00000024   Code   RO         5875    i.AHT20_ReadStatusCmd  aht20.o
    0x0800206c   0x0800206c   0x00000020   Code   RO         5877    i.AHT20_SoftResetCmd  aht20.o
    0x0800208c   0x0800208c   0x00000030   Code   RO         5879    i.AHT20_TrigMeasureCmd  aht20.o
    0x080020bc   0x080020bc   0x0000003c   Code   RO         7640    i.Aht20_Init        aht20_app.o
    0x080020f8   0x080020f8   0x00000018   Code   RO         7641    i.Aht20_Task        aht20_app.o
    0x08002110   0x08002110   0x000000a0   Code   RO         6331    i.Bilibili_Page_2_Enter_Callback  easy_menu_user.o
    0x080021b0   0x080021b0   0x00000004   Code   RO          680    i.BusFault_Handler  stm32f4xx_it.o
    0x080021b4   0x080021b4   0x00000024   Code   RO         6055    i.Compare_String    easy_menu.o
    0x080021d8   0x080021d8   0x00000010   Code   RO          681    i.DMA1_Stream0_IRQHandler  stm32f4xx_it.o
    0x080021e8   0x080021e8   0x00000010   Code   RO          682    i.DMA1_Stream2_IRQHandler  stm32f4xx_it.o
    0x080021f8   0x080021f8   0x00000010   Code   RO          683    i.DMA1_Stream5_IRQHandler  stm32f4xx_it.o
    0x08002208   0x08002208   0x00000010   Code   RO          684    i.DMA1_Stream7_IRQHandler  stm32f4xx_it.o
    0x08002218   0x08002218   0x00000010   Code   RO          685    i.DMA2_Stream1_IRQHandler  stm32f4xx_it.o
    0x08002228   0x08002228   0x00000010   Code   RO          686    i.DMA2_Stream2_IRQHandler  stm32f4xx_it.o
    0x08002238   0x08002238   0x00000034   Code   RO         1857    i.DMA_CalcBaseAndBitshift  stm32f4xx_hal_dma.o
    0x0800226c   0x0800226c   0x000000aa   Code   RO         1858    i.DMA_CheckFifoParam  stm32f4xx_hal_dma.o
    0x08002316   0x08002316   0x0000002c   Code   RO         1859    i.DMA_SetConfig     stm32f4xx_hal_dma.o
    0x08002342   0x08002342   0x00000002   PAD
    0x08002344   0x08002344   0x0000009c   Code   RO         6184    i.Data_Item_Init    easy_menu_item.o
    0x080023e0   0x080023e0   0x00000408   Code   RO         6185    i.Data_Item_Input   easy_menu_item.o
    0x080027e8   0x080027e8   0x00000002   Code   RO          687    i.DebugMon_Handler  stm32f4xx_it.o
    0x080027ea   0x080027ea   0x00000002   PAD
    0x080027ec   0x080027ec   0x0000002c   Code   RO         7831    i.Delay_Us          scheduler_task.o
    0x08002818   0x08002818   0x00000028   Code   RO         6056    i.Easy_Menu_All_Clear  easy_menu.o
    0x08002840   0x08002840   0x000002c0   Code   RO         6057    i.Easy_Menu_All_Update  easy_menu.o
    0x08002b00   0x08002b00   0x00000040   Code   RO         6058    i.Easy_Menu_Area_Clear  easy_menu.o
    0x08002b40   0x08002b40   0x00000050   Code   RO         6125    i.Easy_Menu_Display  easy_menu_core.o
    0x08002b90   0x08002b90   0x0000001c   Code   RO         6060    i.Easy_Menu_Display_Char  easy_menu.o
    0x08002bac   0x08002bac   0x0000001c   Code   RO         6126    i.Easy_Menu_Display_Refresh  easy_menu_core.o
    0x08002bc8   0x08002bc8   0x00000050   Code   RO         6061    i.Easy_Menu_Display_String  easy_menu.o
    0x08002c18   0x08002c18   0x00000060   Code   RO         6128    i.Easy_Menu_Goto_Page  easy_menu_core.o
    0x08002c78   0x08002c78   0x00000030   Code   RO         6129    i.Easy_Menu_Init    easy_menu_core.o
    0x08002ca8   0x08002ca8   0x00000018   Code   RO         6130    i.Easy_Menu_Input   easy_menu_core.o
    0x08002cc0   0x08002cc0   0x00000030   Code   RO         6062    i.Easy_Menu_Printf  easy_menu.o
    0x08002cf0   0x08002cf0   0x00000ab8   Code   RO         6332    i.Easy_Menu_Ui_Init  easy_menu_user.o
    0x080037a8   0x080037a8   0x00000038   Code   RO         6741    i.Ebtn_Init         key_driver.o
    0x080037e0   0x080037e0   0x00000046   Code   RO         5355    i.Emm_V5_En_Control  emm_v5.o
    0x08003826   0x08003826   0x0000003c   Code   RO         5367    i.Emm_V5_Stop_Now   emm_v5.o
    0x08003862   0x08003862   0x00000054   Code   RO         5369    i.Emm_V5_Vel_Control  emm_v5.o
    0x080038b6   0x080038b6   0x00000002   PAD
    0x080038b8   0x080038b8   0x00000038   Code   RO         7050    i.Encoder_Driver_Init  encoder_driver.o
    0x080038f0   0x080038f0   0x0000008c   Code   RO         7051    i.Encoder_Driver_Update  encoder_driver.o
    0x0800397c   0x0800397c   0x0000004c   Code   RO         7494    i.Encoder_Init      encoder_app.o
    0x080039c8   0x080039c8   0x00000018   Code   RO         6333    i.Encoder_Page_1_Item_Callback  easy_menu_user.o
    0x080039e0   0x080039e0   0x00000018   Code   RO         6334    i.Encoder_Page_2_Item_Callback  easy_menu_user.o
    0x080039f8   0x080039f8   0x00000018   Code   RO         7495    i.Encoder_Task      encoder_app.o
    0x08003a10   0x08003a10   0x00000028   Code   RO         6186    i.Enum_Item_Init    easy_menu_item.o
    0x08003a38   0x08003a38   0x00000050   Code   RO         6187    i.Enum_Item_Input   easy_menu_item.o
    0x08003a88   0x08003a88   0x00000006   Code   RO           13    i.Error_Handler     main.o
    0x08003a8e   0x08003a8e   0x00000002   PAD
    0x08003a90   0x08003a90   0x00000054   Code   RO         7679    i.Flash_Init        flash_app.o
    0x08003ae4   0x08003ae4   0x0000009c   Code   RO         7680    i.Flash_SPI_Test    flash_app.o
    0x08003b80   0x08003b80   0x00000002   Code   RO         7681    i.Flash_Task        flash_app.o
    0x08003b82   0x08003b82   0x00000002   PAD
    0x08003b84   0x08003b84   0x0000000c   Code   RO         6742    i.Get_Blue_Key      key_driver.o
    0x08003b90   0x08003b90   0x0000000c   Code   RO         7195    i.Get_X_Step_Motor_Speed  zdt_motor_driver.o
    0x08003b9c   0x08003b9c   0x0000000c   Code   RO         7196    i.Get_Y_Step_Motor_Speed  zdt_motor_driver.o
    0x08003ba8   0x08003ba8   0x00000070   Code   RO         6335    i.Github_Page_1_Enter_Callback  easy_menu_user.o
    0x08003c18   0x08003c18   0x00000018   Code   RO         6188    i.Goto_Item_Init    easy_menu_item.o
    0x08003c30   0x08003c30   0x00000018   Code   RO         6189    i.Goto_Item_Input   easy_menu_item.o
    0x08003c48   0x08003c48   0x00000024   Code   RO         7422    i.Gray_Init         gray_app.o
    0x08003c6c   0x08003c6c   0x00000014   Code   RO         7423    i.Gray_Task         gray_app.o
    0x08003c80   0x08003c80   0x0000004c   Code   RO         7083    i.Gyroscope_Calibrate_Start  gyroscope_driver.o
    0x08003ccc   0x08003ccc   0x000001d8   Code   RO         7084    i.Gyroscope_Calibrate_Update  gyroscope_driver.o
    0x08003ea4   0x08003ea4   0x00000098   Code   RO         7085    i.Gyroscope_Driver_Init  gyroscope_driver.o
    0x08003f3c   0x08003f3c   0x0000002c   Code   RO         7086    i.Gyroscope_Get_Euler_Angles  gyroscope_driver.o
    0x08003f68   0x08003f68   0x00000040   Code   RO         7530    i.Gyroscope_Init    gyroscope_app.o
    0x08003fa8   0x08003fa8   0x00000158   Code   RO         7088    i.Gyroscope_Initialize_Attitude  gyroscope_driver.o
    0x08004100   0x08004100   0x00000018   Code   RO         6336    i.Gyroscope_Page_1_Item_Callback  easy_menu_user.o
    0x08004118   0x08004118   0x00000018   Code   RO         6337    i.Gyroscope_Page_2_Item_Callback  easy_menu_user.o
    0x08004130   0x08004130   0x00000018   Code   RO         6338    i.Gyroscope_Page_3_Item_Callback  easy_menu_user.o
    0x08004148   0x08004148   0x00000044   Code   RO         7090    i.Gyroscope_Reset_Attitude  gyroscope_driver.o
    0x0800418c   0x0800418c   0x000001e0   Code   RO         7531    i.Gyroscope_Task    gyroscope_app.o
    0x0800436c   0x0800436c   0x000000b8   Code   RO         7091    i.Gyroscope_Update_Euler  gyroscope_driver.o
    0x08004424   0x08004424   0x000000ac   Code   RO         1860    i.HAL_DMA_Abort     stm32f4xx_hal_dma.o
    0x080044d0   0x080044d0   0x00000028   Code   RO         1861    i.HAL_DMA_Abort_IT  stm32f4xx_hal_dma.o
    0x080044f8   0x080044f8   0x00000006   Code   RO         1863    i.HAL_DMA_GetError  stm32f4xx_hal_dma.o
    0x080044fe   0x080044fe   0x00000008   Code   RO         1864    i.HAL_DMA_GetState  stm32f4xx_hal_dma.o
    0x08004506   0x08004506   0x00000002   PAD
    0x08004508   0x08004508   0x00000240   Code   RO         1865    i.HAL_DMA_IRQHandler  stm32f4xx_hal_dma.o
    0x08004748   0x08004748   0x000000ec   Code   RO         1866    i.HAL_DMA_Init      stm32f4xx_hal_dma.o
    0x08004834   0x08004834   0x00000092   Code   RO         1870    i.HAL_DMA_Start_IT  stm32f4xx_hal_dma.o
    0x080048c6   0x080048c6   0x00000002   PAD
    0x080048c8   0x080048c8   0x00000028   Code   RO         2302    i.HAL_Delay         stm32f4xx_hal.o
    0x080048f0   0x080048f0   0x000001f4   Code   RO         1753    i.HAL_GPIO_Init     stm32f4xx_hal_gpio.o
    0x08004ae4   0x08004ae4   0x00000010   Code   RO         1755    i.HAL_GPIO_ReadPin  stm32f4xx_hal_gpio.o
    0x08004af4   0x08004af4   0x0000000c   Code   RO         1757    i.HAL_GPIO_WritePin  stm32f4xx_hal_gpio.o
    0x08004b00   0x08004b00   0x0000000c   Code   RO         2308    i.HAL_GetTick       stm32f4xx_hal.o
    0x08004b0c   0x08004b0c   0x00000002   Code   RO          858    i.HAL_I2C_AbortCpltCallback  stm32f4xx_hal_i2c.o
    0x08004b0e   0x08004b0e   0x00000002   Code   RO          859    i.HAL_I2C_AddrCallback  stm32f4xx_hal_i2c.o
    0x08004b10   0x08004b10   0x000001da   Code   RO          863    i.HAL_I2C_EV_IRQHandler  stm32f4xx_hal_i2c.o
    0x08004cea   0x08004cea   0x00000002   Code   RO          865    i.HAL_I2C_ErrorCallback  stm32f4xx_hal_i2c.o
    0x08004cec   0x08004cec   0x000001d0   Code   RO          869    i.HAL_I2C_Init      stm32f4xx_hal_i2c.o
    0x08004ebc   0x08004ebc   0x00000002   Code   RO          871    i.HAL_I2C_ListenCpltCallback  stm32f4xx_hal_i2c.o
    0x08004ebe   0x08004ebe   0x00000002   Code   RO          872    i.HAL_I2C_MasterRxCpltCallback  stm32f4xx_hal_i2c.o
    0x08004ec0   0x08004ec0   0x00000002   Code   RO          873    i.HAL_I2C_MasterTxCpltCallback  stm32f4xx_hal_i2c.o
    0x08004ec2   0x08004ec2   0x00000002   PAD
    0x08004ec4   0x08004ec4   0x0000030c   Code   RO          875    i.HAL_I2C_Master_Receive  stm32f4xx_hal_i2c.o
    0x080051d0   0x080051d0   0x00000170   Code   RO          882    i.HAL_I2C_Master_Transmit  stm32f4xx_hal_i2c.o
    0x08005340   0x08005340   0x00000002   Code   RO          885    i.HAL_I2C_MemRxCpltCallback  stm32f4xx_hal_i2c.o
    0x08005342   0x08005342   0x00000002   PAD
    0x08005344   0x08005344   0x0000000c   Code   RO         6906    i.HAL_I2C_MemTxCpltCallback  oled_driver.o
    0x08005350   0x08005350   0x00000308   Code   RO          887    i.HAL_I2C_Mem_Read  stm32f4xx_hal_i2c.o
    0x08005658   0x08005658   0x00000164   Code   RO          890    i.HAL_I2C_Mem_Write  stm32f4xx_hal_i2c.o
    0x080057bc   0x080057bc   0x0000021c   Code   RO          891    i.HAL_I2C_Mem_Write_DMA  stm32f4xx_hal_i2c.o
    0x080059d8   0x080059d8   0x00000148   Code   RO          399    i.HAL_I2C_MspInit   i2c.o
    0x08005b20   0x08005b20   0x00000002   Code   RO          895    i.HAL_I2C_SlaveRxCpltCallback  stm32f4xx_hal_i2c.o
    0x08005b22   0x08005b22   0x00000002   Code   RO          896    i.HAL_I2C_SlaveTxCpltCallback  stm32f4xx_hal_i2c.o
    0x08005b24   0x08005b24   0x00000018   Code   RO         2314    i.HAL_IncTick       stm32f4xx_hal.o
    0x08005b3c   0x08005b3c   0x0000003c   Code   RO         2315    i.HAL_Init          stm32f4xx_hal.o
    0x08005b78   0x08005b78   0x0000004c   Code   RO         2316    i.HAL_InitTick      stm32f4xx_hal.o
    0x08005bc4   0x08005bc4   0x00000048   Code   RO          834    i.HAL_MspInit       stm32f4xx_hal_msp.o
    0x08005c0c   0x08005c0c   0x00000028   Code   RO         2145    i.HAL_NVIC_EnableIRQ  stm32f4xx_hal_cortex.o
    0x08005c34   0x08005c34   0x0000007c   Code   RO         2151    i.HAL_NVIC_SetPriority  stm32f4xx_hal_cortex.o
    0x08005cb0   0x08005cb0   0x00000028   Code   RO         2152    i.HAL_NVIC_SetPriorityGrouping  stm32f4xx_hal_cortex.o
    0x08005cd8   0x08005cd8   0x000001a0   Code   RO         1459    i.HAL_RCCEx_PeriphCLKConfig  stm32f4xx_hal_rcc_ex.o
    0x08005e78   0x08005e78   0x00000184   Code   RO         1354    i.HAL_RCC_ClockConfig  stm32f4xx_hal_rcc.o
    0x08005ffc   0x08005ffc   0x0000000c   Code   RO         1359    i.HAL_RCC_GetHCLKFreq  stm32f4xx_hal_rcc.o
    0x08006008   0x08006008   0x00000020   Code   RO         1361    i.HAL_RCC_GetPCLK1Freq  stm32f4xx_hal_rcc.o
    0x08006028   0x08006028   0x00000020   Code   RO         1362    i.HAL_RCC_GetPCLK2Freq  stm32f4xx_hal_rcc.o
    0x08006048   0x08006048   0x000000b0   Code   RO         1363    i.HAL_RCC_GetSysClockFreq  stm32f4xx_hal_rcc.o
    0x080060f8   0x080060f8   0x0000049c   Code   RO         1366    i.HAL_RCC_OscConfig  stm32f4xx_hal_rcc.o
    0x08006594   0x08006594   0x0000004c   Code   RO         2563    i.HAL_RTC_GetDate   stm32f4xx_hal_rtc.o
    0x080065e0   0x080065e0   0x0000005c   Code   RO         2565    i.HAL_RTC_GetTime   stm32f4xx_hal_rtc.o
    0x0800663c   0x0800663c   0x000000b4   Code   RO         2566    i.HAL_RTC_Init      stm32f4xx_hal_rtc.o
    0x080066f0   0x080066f0   0x0000003c   Code   RO          447    i.HAL_RTC_MspInit   rtc.o
    0x0800672c   0x0800672c   0x000000c0   Code   RO         2572    i.HAL_RTC_SetDate   stm32f4xx_hal_rtc.o
    0x080067ec   0x080067ec   0x000000ec   Code   RO         2573    i.HAL_RTC_SetTime   stm32f4xx_hal_rtc.o
    0x080068d8   0x080068d8   0x00000038   Code   RO         2574    i.HAL_RTC_WaitForSynchro  stm32f4xx_hal_rtc.o
    0x08006910   0x08006910   0x000000c8   Code   RO         2966    i.HAL_SPI_Init      stm32f4xx_hal_spi.o
    0x080069d8   0x080069d8   0x00000088   Code   RO          489    i.HAL_SPI_MspInit   spi.o
    0x08006a60   0x08006a60   0x00000248   Code   RO         2975    i.HAL_SPI_TransmitReceive  stm32f4xx_hal_spi.o
    0x08006ca8   0x08006ca8   0x00000034   Code   RO         2156    i.HAL_SYSTICK_Config  stm32f4xx_hal_cortex.o
    0x08006cdc   0x08006cdc   0x00000002   Code   RO         3994    i.HAL_TIMEx_BreakCallback  stm32f4xx_hal_tim_ex.o
    0x08006cde   0x08006cde   0x00000002   Code   RO         3995    i.HAL_TIMEx_CommutCallback  stm32f4xx_hal_tim_ex.o
    0x08006ce0   0x08006ce0   0x00000074   Code   RO         3997    i.HAL_TIMEx_ConfigBreakDeadTime  stm32f4xx_hal_tim_ex.o
    0x08006d54   0x08006d54   0x000000b4   Code   RO         4013    i.HAL_TIMEx_MasterConfigSynchronization  stm32f4xx_hal_tim_ex.o
    0x08006e08   0x08006e08   0x00000066   Code   RO         3279    i.HAL_TIM_Base_Init  stm32f4xx_hal_tim.o
    0x08006e6e   0x08006e6e   0x00000002   PAD
    0x08006e70   0x08006e70   0x000000a4   Code   RO          531    i.HAL_TIM_Base_MspInit  tim.o
    0x08006f14   0x08006f14   0x0000009c   Code   RO         3282    i.HAL_TIM_Base_Start  stm32f4xx_hal_tim.o
    0x08006fb0   0x08006fb0   0x000000a8   Code   RO         3284    i.HAL_TIM_Base_Start_IT  stm32f4xx_hal_tim.o
    0x08007058   0x08007058   0x00000032   Code   RO         3285    i.HAL_TIM_Base_Stop  stm32f4xx_hal_tim.o
    0x0800708a   0x0800708a   0x0000010c   Code   RO         3288    i.HAL_TIM_ConfigClockSource  stm32f4xx_hal_tim.o
    0x08007196   0x08007196   0x000000c8   Code   RO         3300    i.HAL_TIM_Encoder_Init  stm32f4xx_hal_tim.o
    0x0800725e   0x0800725e   0x00000002   PAD
    0x08007260   0x08007260   0x000000f8   Code   RO          533    i.HAL_TIM_Encoder_MspInit  tim.o
    0x08007358   0x08007358   0x000000cc   Code   RO         3303    i.HAL_TIM_Encoder_Start  stm32f4xx_hal_tim.o
    0x08007424   0x08007424   0x00000002   Code   RO         3313    i.HAL_TIM_IC_CaptureCallback  stm32f4xx_hal_tim.o
    0x08007426   0x08007426   0x0000016c   Code   RO         3327    i.HAL_TIM_IRQHandler  stm32f4xx_hal_tim.o
    0x08007592   0x08007592   0x00000002   PAD
    0x08007594   0x08007594   0x00000064   Code   RO          534    i.HAL_TIM_MspPostInit  tim.o
    0x080075f8   0x080075f8   0x00000002   Code   RO         3330    i.HAL_TIM_OC_DelayElapsedCallback  stm32f4xx_hal_tim.o
    0x080075fa   0x080075fa   0x00000104   Code   RO         3351    i.HAL_TIM_PWM_ConfigChannel  stm32f4xx_hal_tim.o
    0x080076fe   0x080076fe   0x00000066   Code   RO         3354    i.HAL_TIM_PWM_Init  stm32f4xx_hal_tim.o
    0x08007764   0x08007764   0x00000002   Code   RO         3356    i.HAL_TIM_PWM_MspInit  stm32f4xx_hal_tim.o
    0x08007766   0x08007766   0x00000002   Code   RO         3357    i.HAL_TIM_PWM_PulseFinishedCallback  stm32f4xx_hal_tim.o
    0x08007768   0x08007768   0x0000010c   Code   RO         3359    i.HAL_TIM_PWM_Start  stm32f4xx_hal_tim.o
    0x08007874   0x08007874   0x00000058   Code   RO         7832    i.HAL_TIM_PeriodElapsedCallback  scheduler_task.o
    0x080078cc   0x080078cc   0x00000002   Code   RO         3370    i.HAL_TIM_TriggerCallback  stm32f4xx_hal_tim.o
    0x080078ce   0x080078ce   0x00000070   Code   RO         4271    i.HAL_UARTEx_ReceiveToIdle_DMA  stm32f4xx_hal_uart.o
    0x0800793e   0x0800793e   0x00000002   PAD
    0x08007940   0x08007940   0x00000190   Code   RO         6801    i.HAL_UARTEx_RxEventCallback  uart_driver.o
    0x08007ad0   0x08007ad0   0x0000008a   Code   RO         4285    i.HAL_UART_DMAStop  stm32f4xx_hal_uart.o
    0x08007b5a   0x08007b5a   0x00000002   Code   RO         4287    i.HAL_UART_ErrorCallback  stm32f4xx_hal_uart.o
    0x08007b5c   0x08007b5c   0x00000308   Code   RO         4290    i.HAL_UART_IRQHandler  stm32f4xx_hal_uart.o
    0x08007e64   0x08007e64   0x00000076   Code   RO         4291    i.HAL_UART_Init     stm32f4xx_hal_uart.o
    0x08007eda   0x08007eda   0x00000002   PAD
    0x08007edc   0x08007edc   0x0000041c   Code   RO          615    i.HAL_UART_MspInit  usart.o
    0x080082f8   0x080082f8   0x00000002   Code   RO         4297    i.HAL_UART_RxCpltCallback  stm32f4xx_hal_uart.o
    0x080082fa   0x080082fa   0x00000002   Code   RO         4298    i.HAL_UART_RxHalfCpltCallback  stm32f4xx_hal_uart.o
    0x080082fc   0x080082fc   0x000000be   Code   RO         4299    i.HAL_UART_Transmit  stm32f4xx_hal_uart.o
    0x080083ba   0x080083ba   0x00000038   Code   RO         4301    i.HAL_UART_Transmit_IT  stm32f4xx_hal_uart.o
    0x080083f2   0x080083f2   0x00000002   PAD
    0x080083f4   0x080083f4   0x00000040   Code   RO         6802    i.HAL_UART_TxCpltCallback  uart_driver.o
    0x08008434   0x08008434   0x00000004   Code   RO          688    i.HardFault_Handler  stm32f4xx_it.o
    0x08008438   0x08008438   0x00000010   Code   RO          689    i.I2C2_EV_IRQHandler  stm32f4xx_it.o
    0x08008448   0x08008448   0x0000001c   Code   RO          907    i.I2C_ConvertOtherXferOptions  stm32f4xx_hal_i2c.o
    0x08008464   0x08008464   0x000000f8   Code   RO          908    i.I2C_DMAAbort      stm32f4xx_hal_i2c.o
    0x0800855c   0x0800855c   0x00000050   Code   RO          909    i.I2C_DMAError      stm32f4xx_hal_i2c.o
    0x080085ac   0x080085ac   0x0000013e   Code   RO          910    i.I2C_DMAXferCplt   stm32f4xx_hal_i2c.o
    0x080086ea   0x080086ea   0x00000012   Code   RO          911    i.I2C_Flush_DR      stm32f4xx_hal_i2c.o
    0x080086fc   0x080086fc   0x000001ac   Code   RO          912    i.I2C_ITError       stm32f4xx_hal_i2c.o
    0x080088a8   0x080088a8   0x0000003e   Code   RO          913    i.I2C_IsAcknowledgeFailed  stm32f4xx_hal_i2c.o
    0x080088e6   0x080088e6   0x00000130   Code   RO          914    i.I2C_MasterReceive_BTF  stm32f4xx_hal_i2c.o
    0x08008a16   0x08008a16   0x00000104   Code   RO          915    i.I2C_MasterReceive_RXNE  stm32f4xx_hal_i2c.o
    0x08008b1a   0x08008b1a   0x00000002   PAD
    0x08008b1c   0x08008b1c   0x00000138   Code   RO          916    i.I2C_MasterRequestRead  stm32f4xx_hal_i2c.o
    0x08008c54   0x08008c54   0x000000c0   Code   RO          917    i.I2C_MasterRequestWrite  stm32f4xx_hal_i2c.o
    0x08008d14   0x08008d14   0x000000a0   Code   RO          918    i.I2C_MasterTransmit_BTF  stm32f4xx_hal_i2c.o
    0x08008db4   0x08008db4   0x000000d8   Code   RO          919    i.I2C_MasterTransmit_TXE  stm32f4xx_hal_i2c.o
    0x08008e8c   0x08008e8c   0x0000002a   Code   RO          920    i.I2C_Master_ADD10  stm32f4xx_hal_i2c.o
    0x08008eb6   0x08008eb6   0x00000268   Code   RO          921    i.I2C_Master_ADDR   stm32f4xx_hal_i2c.o
    0x0800911e   0x0800911e   0x0000009e   Code   RO          922    i.I2C_Master_SB     stm32f4xx_hal_i2c.o
    0x080091bc   0x080091bc   0x000000c6   Code   RO          923    i.I2C_MemoryTransmit_TXE_BTF  stm32f4xx_hal_i2c.o
    0x08009282   0x08009282   0x00000002   PAD
    0x08009284   0x08009284   0x00000160   Code   RO          924    i.I2C_RequestMemoryRead  stm32f4xx_hal_i2c.o
    0x080093e4   0x080093e4   0x000000e0   Code   RO          925    i.I2C_RequestMemoryWrite  stm32f4xx_hal_i2c.o
    0x080094c4   0x080094c4   0x0000001a   Code   RO          926    i.I2C_SlaveReceive_BTF  stm32f4xx_hal_i2c.o
    0x080094de   0x080094de   0x00000046   Code   RO          927    i.I2C_SlaveReceive_RXNE  stm32f4xx_hal_i2c.o
    0x08009524   0x08009524   0x0000001a   Code   RO          928    i.I2C_SlaveTransmit_BTF  stm32f4xx_hal_i2c.o
    0x0800953e   0x0800953e   0x00000046   Code   RO          929    i.I2C_SlaveTransmit_TXE  stm32f4xx_hal_i2c.o
    0x08009584   0x08009584   0x00000070   Code   RO          930    i.I2C_Slave_ADDR    stm32f4xx_hal_i2c.o
    0x080095f4   0x080095f4   0x0000018c   Code   RO          932    i.I2C_Slave_STOPF   stm32f4xx_hal_i2c.o
    0x08009780   0x08009780   0x00000066   Code   RO          933    i.I2C_WaitOnBTFFlagUntilTimeout  stm32f4xx_hal_i2c.o
    0x080097e6   0x080097e6   0x000000be   Code   RO          934    i.I2C_WaitOnFlagUntilTimeout  stm32f4xx_hal_i2c.o
    0x080098a4   0x080098a4   0x000000fa   Code   RO          935    i.I2C_WaitOnMasterAddressFlagUntilTimeout  stm32f4xx_hal_i2c.o
    0x0800999e   0x0800999e   0x0000008a   Code   RO          936    i.I2C_WaitOnRXNEFlagUntilTimeout  stm32f4xx_hal_i2c.o
    0x08009a28   0x08009a28   0x00000050   Code   RO          938    i.I2C_WaitOnSTOPRequestThroughIT  stm32f4xx_hal_i2c.o
    0x08009a78   0x08009a78   0x00000066   Code   RO          939    i.I2C_WaitOnTXEFlagUntilTimeout  stm32f4xx_hal_i2c.o
    0x08009ade   0x08009ade   0x00000002   PAD
    0x08009ae0   0x08009ae0   0x000001bc   Code   RO         5171    i.ICM206xx_Init     icm20608.o
    0x08009c9c   0x08009c9c   0x00000456   Code   RO         5172    i.ICM206xx_Read_Data  icm20608.o
    0x0800a0f2   0x0800a0f2   0x00000014   Code   RO         5089    i.IIC_Get_Digtal    hardware_iic.o
    0x0800a106   0x0800a106   0x00000002   PAD
    0x0800a108   0x0800a108   0x00000030   Code   RO         5093    i.IIC_ReadBytes     hardware_iic.o
    0x0800a138   0x0800a138   0x00000028   Code   RO         7273    i.Key_Init          key_app.o
    0x0800a160   0x0800a160   0x0000000e   Code   RO         7274    i.Key_Task          key_app.o
    0x0800a16e   0x0800a16e   0x00000002   PAD
    0x0800a170   0x0800a170   0x00000094   Code   RO         6712    i.Led_Display       led_driver.o
    0x0800a204   0x0800a204   0x00000030   Code   RO         7237    i.Led_Init          led_app.o
    0x0800a234   0x0800a234   0x0000000c   Code   RO         6339    i.Led_Page_1_Item_Callback  easy_menu_user.o
    0x0800a240   0x0800a240   0x0000000c   Code   RO         6340    i.Led_Page_2_Item_Callback  easy_menu_user.o
    0x0800a24c   0x0800a24c   0x0000000c   Code   RO         6341    i.Led_Page_3_Item_Callback  easy_menu_user.o
    0x0800a258   0x0800a258   0x0000000c   Code   RO         6342    i.Led_Page_4_Item_Callback  easy_menu_user.o
    0x0800a264   0x0800a264   0x00000010   Code   RO         7238    i.Led_Task          led_app.o
    0x0800a274   0x0800a274   0x000000a8   Code   RO          374    i.MX_DMA_Init       dma.o
    0x0800a31c   0x0800a31c   0x00000188   Code   RO          350    i.MX_GPIO_Init      gpio.o
    0x0800a4a4   0x0800a4a4   0x0000003c   Code   RO          400    i.MX_I2C1_Init      i2c.o
    0x0800a4e0   0x0800a4e0   0x0000003c   Code   RO          401    i.MX_I2C2_Init      i2c.o
    0x0800a51c   0x0800a51c   0x0000008c   Code   RO          448    i.MX_RTC_Init       rtc.o
    0x0800a5a8   0x0800a5a8   0x00000044   Code   RO          490    i.MX_SPI1_Init      spi.o
    0x0800a5ec   0x0800a5ec   0x00000034   Code   RO          535    i.MX_TIM14_Init     tim.o
    0x0800a620   0x0800a620   0x00000108   Code   RO          536    i.MX_TIM1_Init      tim.o
    0x0800a728   0x0800a728   0x0000006c   Code   RO          537    i.MX_TIM2_Init      tim.o
    0x0800a794   0x0800a794   0x00000080   Code   RO          538    i.MX_TIM3_Init      tim.o
    0x0800a814   0x0800a814   0x00000080   Code   RO          539    i.MX_TIM4_Init      tim.o
    0x0800a894   0x0800a894   0x00000038   Code   RO          616    i.MX_UART4_Init     usart.o
    0x0800a8cc   0x0800a8cc   0x00000038   Code   RO          617    i.MX_UART5_Init     usart.o
    0x0800a904   0x0800a904   0x00000038   Code   RO          618    i.MX_USART1_UART_Init  usart.o
    0x0800a93c   0x0800a93c   0x00000038   Code   RO          619    i.MX_USART2_UART_Init  usart.o
    0x0800a974   0x0800a974   0x00000038   Code   RO          620    i.MX_USART6_UART_Init  usart.o
    0x0800a9ac   0x0800a9ac   0x00000004   Code   RO          690    i.MemManage_Handler  stm32f4xx_it.o
    0x0800a9b0   0x0800a9b0   0x00000036   Code   RO         6907    i.Menu_Display_Char  oled_driver.o
    0x0800a9e6   0x0800a9e6   0x00000036   Code   RO         6908    i.Menu_Display_Chinese_Char_Line  oled_driver.o
    0x0800aa1c   0x0800aa1c   0x000000aa   Code   RO         6994    i.Motor_Config_Init  motor_driver.o
    0x0800aac6   0x0800aac6   0x0000002e   Code   RO         6995    i.Motor_Dead_Compensation  motor_driver.o
    0x0800aaf4   0x0800aaf4   0x00000064   Code   RO         7458    i.Motor_Init        motor_app.o
    0x0800ab58   0x0800ab58   0x00000016   Code   RO         6996    i.Motor_Limit_Speed  motor_driver.o
    0x0800ab6e   0x0800ab6e   0x00000112   Code   RO         6997    i.Motor_Set_Speed   motor_driver.o
    0x0800ac80   0x0800ac80   0x00000072   Code   RO         6998    i.Motor_Stop        motor_driver.o
    0x0800acf2   0x0800acf2   0x00000002   Code   RO         7459    i.Motor_Task        motor_app.o
    0x0800acf4   0x0800acf4   0x00000058   Code   RO         7197    i.Motor_Vel_Synchronous_Control  zdt_motor_driver.o
    0x0800ad4c   0x0800ad4c   0x00000004   Code   RO          691    i.NMI_Handler       stm32f4xx_it.o
    0x0800ad50   0x0800ad50   0x00000044   Code   RO         4941    i.OLED_Clear        oled.o
    0x0800ad94   0x0800ad94   0x00000030   Code   RO         4944    i.OLED_Init         oled.o
    0x0800adc4   0x0800adc4   0x00000024   Code   RO         4946    i.OLED_Set_Position  oled.o
    0x0800ade8   0x0800ade8   0x0000009c   Code   RO         4947    i.OLED_ShowChar     oled.o
    0x0800ae84   0x0800ae84   0x000000dc   Code   RO         4948    i.OLED_ShowChar2    oled.o
    0x0800af60   0x0800af60   0x00000104   Code   RO         6910    i.OLED_ShowChar_DMA  oled_driver.o
    0x0800b064   0x0800b064   0x00000064   Code   RO         4950    i.OLED_ShowHanzi    oled.o
    0x0800b0c8   0x0800b0c8   0x000000b8   Code   RO         4951    i.OLED_ShowHzbig    oled.o
    0x0800b180   0x0800b180   0x0000003a   Code   RO         4954    i.OLED_ShowStr      oled.o
    0x0800b1ba   0x0800b1ba   0x00000002   PAD
    0x0800b1bc   0x0800b1bc   0x00000064   Code   RO         6911    i.OLED_Show_Pic     oled_driver.o
    0x0800b220   0x0800b220   0x00000028   Code   RO         4955    i.OLED_Write_cmd    oled.o
    0x0800b248   0x0800b248   0x00000028   Code   RO         4956    i.OLED_Write_data   oled.o
    0x0800b270   0x0800b270   0x0000003c   Code   RO         7388    i.Oled_Init         oled_app.o
    0x0800b2ac   0x0800b2ac   0x0000003a   Code   RO         6912    i.Oled_Printf       oled_driver.o
    0x0800b2e6   0x0800b2e6   0x00000002   PAD
    0x0800b2e8   0x0800b2e8   0x0000013c   Code   RO         6913    i.Oled_Show_Chinese_Char2  oled_driver.o
    0x0800b424   0x0800b424   0x0000000e   Code   RO         7389    i.Oled_Task         oled_app.o
    0x0800b432   0x0800b432   0x00000002   PAD
    0x0800b434   0x0800b434   0x00000014   Code   RO         6343    i.Ordinary_Page_2_1_Item_Callback  easy_menu_user.o
    0x0800b448   0x0800b448   0x00000020   Code   RO         6344    i.Ordinary_Page_2_2_Item_Callback  easy_menu_user.o
    0x0800b468   0x0800b468   0x00000014   Code   RO         6345    i.Ordinary_Page_3_1_Item_Callback  easy_menu_user.o
    0x0800b47c   0x0800b47c   0x00000020   Code   RO         6346    i.Ordinary_Page_3_2_Item_Callback  easy_menu_user.o
    0x0800b49c   0x0800b49c   0x00000002   Code   RO         6347    i.Ordinary_Page_4_3_Item_Callback  easy_menu_user.o
    0x0800b49e   0x0800b49e   0x00000002   PAD
    0x0800b4a0   0x0800b4a0   0x00000024   Code   RO         6348    i.Ordinary_Page_5_1_Item_Callback  easy_menu_user.o
    0x0800b4c4   0x0800b4c4   0x00000034   Code   RO         6349    i.Ordinary_Page_5_2_Item_Callback  easy_menu_user.o
    0x0800b4f8   0x0800b4f8   0x00000034   Code   RO         6350    i.Ordinary_Page_5_3_Item_Callback  easy_menu_user.o
    0x0800b52c   0x0800b52c   0x00000034   Code   RO         6351    i.Ordinary_Page_5_4_Item_Callback  easy_menu_user.o
    0x0800b560   0x0800b560   0x00000024   Code   RO         6352    i.Ordinary_Page_6_1_Item_Callback  easy_menu_user.o
    0x0800b584   0x0800b584   0x00000034   Code   RO         6353    i.Ordinary_Page_6_2_Item_Callback  easy_menu_user.o
    0x0800b5b8   0x0800b5b8   0x00000034   Code   RO         6354    i.Ordinary_Page_6_3_Item_Callback  easy_menu_user.o
    0x0800b5ec   0x0800b5ec   0x00000034   Code   RO         6355    i.Ordinary_Page_6_4_Item_Callback  easy_menu_user.o
    0x0800b620   0x0800b620   0x00000012   Code   RO         6356    i.Ordinary_Page_7_1_Item_Callback  easy_menu_user.o
    0x0800b632   0x0800b632   0x00000014   Code   RO         6357    i.Ordinary_Page_7_2_Item_Callback  easy_menu_user.o
    0x0800b646   0x0800b646   0x00000002   PAD
    0x0800b648   0x0800b648   0x00000020   Code   RO         6358    i.Ordinary_Page_7_3_Item_Callback  easy_menu_user.o
    0x0800b668   0x0800b668   0x00000018   Code   RO         6359    i.Ordinary_Page_8_1_Item_Callback  easy_menu_user.o
    0x0800b680   0x0800b680   0x00000018   Code   RO         6360    i.Ordinary_Page_8_2_Item_Callback  easy_menu_user.o
    0x0800b698   0x0800b698   0x00000014   Code   RO         6361    i.Ordinary_Page_9_1_Item_Callback  easy_menu_user.o
    0x0800b6ac   0x0800b6ac   0x0000002c   Code   RO         6362    i.Ordinary_Page_9_2_Item_Callback  easy_menu_user.o
    0x0800b6d8   0x0800b6d8   0x00000168   Code   RO         6256    i.Ordinary_Page_Display  easy_menu_page.o
    0x0800b840   0x0800b840   0x000002f8   Code   RO         6257    i.Ordinary_Page_Enter  easy_menu_page.o
    0x0800bb38   0x0800bb38   0x00000014   Code   RO         6258    i.Ordinary_Page_Exit  easy_menu_page.o
    0x0800bb4c   0x0800bb4c   0x00000048   Code   RO         6259    i.Ordinary_Page_Init  easy_menu_page.o
    0x0800bb94   0x0800bb94   0x00000598   Code   RO         6260    i.Ordinary_Page_Input  easy_menu_page.o
    0x0800c12c   0x0800c12c   0x00000290   Code   RO         6261    i.Ordinary_Page_Refresh  easy_menu_page.o
    0x0800c3bc   0x0800c3bc   0x00000094   Code   RO         7567    i.PID_Init          pid_app.o
    0x0800c450   0x0800c450   0x00000070   Code   RO         7568    i.PID_Task          pid_app.o
    0x0800c4c0   0x0800c4c0   0x00000018   Code   RO         6604    i.PS2_ClearData     pstwo.o
    0x0800c4d8   0x0800c4d8   0x0000009c   Code   RO         6605    i.PS2_Cmd           pstwo.o
    0x0800c574   0x0800c574   0x00000054   Code   RO         6606    i.PS2_DataKey       pstwo.o
    0x0800c5c8   0x0800c5c8   0x000000c0   Code   RO         6610    i.PS2_ReadData      pstwo.o
    0x0800c688   0x0800c688   0x00000002   Code   RO          692    i.PendSV_Handler    stm32f4xx_it.o
    0x0800c68a   0x0800c68a   0x00000016   Code   RO         2575    i.RTC_Bcd2ToByte    stm32f4xx_hal_rtc.o
    0x0800c6a0   0x0800c6a0   0x0000001a   Code   RO         2576    i.RTC_ByteToBcd2    stm32f4xx_hal_rtc.o
    0x0800c6ba   0x0800c6ba   0x0000004a   Code   RO         2577    i.RTC_EnterInitMode  stm32f4xx_hal_rtc.o
    0x0800c704   0x0800c704   0x0000002e   Code   RO         2578    i.RTC_ExitInitMode  stm32f4xx_hal_rtc.o
    0x0800c732   0x0800c732   0x00000002   PAD
    0x0800c734   0x0800c734   0x00000044   Code   RO         7722    i.RTC_Init          rtc_app.o
    0x0800c778   0x0800c778   0x00000024   Code   RO         7723    i.RTC_Task          rtc_app.o
    0x0800c79c   0x0800c79c   0x00000070   Code   RO         6363    i.Rtc_Page_Enter_Callback  easy_menu_user.o
    0x0800c80c   0x0800c80c   0x00000008   Code   RO         6364    i.Rtc_Page_Exit_Callback  easy_menu_user.o
    0x0800c814   0x0800c814   0x00000070   Code   RO         6365    i.Rtc_Page_Period_Callback  easy_menu_user.o
    0x0800c884   0x0800c884   0x00000088   Code   RO         3004    i.SPI_EndRxTxTransaction  stm32f4xx_hal_spi.o
    0x0800c90c   0x0800c90c   0x000000d8   Code   RO         3009    i.SPI_WaitFlagStateUntilTimeout  stm32f4xx_hal_spi.o
    0x0800c9e4   0x0800c9e4   0x00000002   Code   RO          693    i.SVC_Handler       stm32f4xx_it.o
    0x0800c9e6   0x0800c9e6   0x00000002   PAD
    0x0800c9e8   0x0800c9e8   0x000000bc   Code   RO         6914    i.Safe_Abort_OLED_DMA  oled_driver.o
    0x0800caa4   0x0800caa4   0x00000014   Code   RO         7759    i.Scheduler_Init    scheduler.o
    0x0800cab8   0x0800cab8   0x00000058   Code   RO         7760    i.Scheduler_Run     scheduler.o
    0x0800cb10   0x0800cb10   0x00000028   Code   RO         6190    i.Show_Item_Init    easy_menu_item.o
    0x0800cb38   0x0800cb38   0x00000084   Code   RO         6366    i.Show_Page_1_Period_Callback  easy_menu_user.o
    0x0800cbbc   0x0800cbbc   0x0000002c   Code   RO         6262    i.Show_Page_Diaplsy  easy_menu_page.o
    0x0800cbe8   0x0800cbe8   0x00000024   Code   RO         6263    i.Show_Page_Enter   easy_menu_page.o
    0x0800cc0c   0x0800cc0c   0x00000020   Code   RO         6264    i.Show_Page_Exit    easy_menu_page.o
    0x0800cc2c   0x0800cc2c   0x00000058   Code   RO         6265    i.Show_Page_Init    easy_menu_page.o
    0x0800cc84   0x0800cc84   0x00000054   Code   RO         6266    i.Show_Page_Input   easy_menu_page.o
    0x0800ccd8   0x0800ccd8   0x00000010   Code   RO         5212    i.Single_ReadI2C    icm20608_iic.o
    0x0800cce8   0x0800cce8   0x000000fc   Code   RO         5880    i.StandardUnitCon   aht20.o
    0x0800cde4   0x0800cde4   0x00000002   Code   RO         6367    i.Start_Page_Enter_Callback  easy_menu_user.o
    0x0800cde6   0x0800cde6   0x00000008   Code   RO         6368    i.Start_Page_Exit_Callback  easy_menu_user.o
    0x0800cdee   0x0800cdee   0x00000002   PAD
    0x0800cdf0   0x0800cdf0   0x000000a0   Code   RO         6369    i.Start_Page_Period_Callback  easy_menu_user.o
    0x0800ce90   0x0800ce90   0x0000001c   Code   RO         6191    i.Switch_Item_Init  easy_menu_item.o
    0x0800ceac   0x0800ceac   0x00000040   Code   RO         6192    i.Switch_Item_Input  easy_menu_item.o
    0x0800ceec   0x0800ceec   0x00000008   Code   RO          694    i.SysTick_Handler   stm32f4xx_it.o
    0x0800cef4   0x0800cef4   0x000000b8   Code   RO           14    i.SystemClock_Config  main.o
    0x0800cfac   0x0800cfac   0x00000014   Code   RO         4635    i.SystemInit        system_stm32f4xx.o
    0x0800cfc0   0x0800cfc0   0x00000088   Code   RO         7833    i.System_Init       scheduler_task.o
    0x0800d048   0x0800d048   0x00000002   Code   RO         7324    i.System_State_Uart_Print  uart_app.o
    0x0800d04a   0x0800d04a   0x00000002   PAD
    0x0800d04c   0x0800d04c   0x00000010   Code   RO          695    i.TIM2_IRQHandler   stm32f4xx_it.o
    0x0800d05c   0x0800d05c   0x000000e0   Code   RO         3372    i.TIM_Base_SetConfig  stm32f4xx_hal_tim.o
    0x0800d13c   0x0800d13c   0x00000022   Code   RO         3373    i.TIM_CCxChannelCmd  stm32f4xx_hal_tim.o
    0x0800d15e   0x0800d15e   0x00000016   Code   RO         3383    i.TIM_ETR_SetConfig  stm32f4xx_hal_tim.o
    0x0800d174   0x0800d174   0x00000012   Code   RO         3384    i.TIM_ITRx_SetConfig  stm32f4xx_hal_tim.o
    0x0800d186   0x0800d186   0x00000002   PAD
    0x0800d188   0x0800d188   0x00000070   Code   RO         3385    i.TIM_OC1_SetConfig  stm32f4xx_hal_tim.o
    0x0800d1f8   0x0800d1f8   0x0000007c   Code   RO         3386    i.TIM_OC2_SetConfig  stm32f4xx_hal_tim.o
    0x0800d274   0x0800d274   0x00000078   Code   RO         3387    i.TIM_OC3_SetConfig  stm32f4xx_hal_tim.o
    0x0800d2ec   0x0800d2ec   0x00000054   Code   RO         3388    i.TIM_OC4_SetConfig  stm32f4xx_hal_tim.o
    0x0800d340   0x0800d340   0x00000026   Code   RO         3390    i.TIM_TI1_ConfigInputStage  stm32f4xx_hal_tim.o
    0x0800d366   0x0800d366   0x00000028   Code   RO         3392    i.TIM_TI2_ConfigInputStage  stm32f4xx_hal_tim.o
    0x0800d38e   0x0800d38e   0x00000002   PAD
    0x0800d390   0x0800d390   0x00000018   Code   RO         6193    i.Text_Item_Init    easy_menu_item.o
    0x0800d3a8   0x0800d3a8   0x00000014   Code   RO         6194    i.Text_Item_Input   easy_menu_item.o
    0x0800d3bc   0x0800d3bc   0x00000010   Code   RO          696    i.UART4_IRQHandler  stm32f4xx_it.o
    0x0800d3cc   0x0800d3cc   0x00000010   Code   RO          697    i.UART5_IRQHandler  stm32f4xx_it.o
    0x0800d3dc   0x0800d3dc   0x00000012   Code   RO         4304    i.UART_DMAAbortOnError  stm32f4xx_hal_uart.o
    0x0800d3ee   0x0800d3ee   0x00000050   Code   RO         4305    i.UART_DMAError     stm32f4xx_hal_uart.o
    0x0800d43e   0x0800d43e   0x000000b4   Code   RO         4306    i.UART_DMAReceiveCplt  stm32f4xx_hal_uart.o
    0x0800d4f2   0x0800d4f2   0x00000024   Code   RO         4308    i.UART_DMARxHalfCplt  stm32f4xx_hal_uart.o
    0x0800d516   0x0800d516   0x0000006c   Code   RO         4314    i.UART_EndRxTransfer  stm32f4xx_hal_uart.o
    0x0800d582   0x0800d582   0x00000020   Code   RO         4315    i.UART_EndTransmit_IT  stm32f4xx_hal_uart.o
    0x0800d5a2   0x0800d5a2   0x00000026   Code   RO         4316    i.UART_EndTxTransfer  stm32f4xx_hal_uart.o
    0x0800d5c8   0x0800d5c8   0x000000fc   Code   RO         4317    i.UART_Receive_IT   stm32f4xx_hal_uart.o
    0x0800d6c4   0x0800d6c4   0x0000022c   Code   RO         4318    i.UART_SetConfig    stm32f4xx_hal_uart.o
    0x0800d8f0   0x0800d8f0   0x000000d8   Code   RO         4319    i.UART_Start_Receive_DMA  stm32f4xx_hal_uart.o
    0x0800d9c8   0x0800d9c8   0x00000060   Code   RO         4321    i.UART_Transmit_IT  stm32f4xx_hal_uart.o
    0x0800da28   0x0800da28   0x0000008c   Code   RO         4322    i.UART_WaitOnFlagUntilTimeout  stm32f4xx_hal_uart.o
    0x0800dab4   0x0800dab4   0x00000010   Code   RO          698    i.USART1_IRQHandler  stm32f4xx_it.o
    0x0800dac4   0x0800dac4   0x00000010   Code   RO          699    i.USART2_IRQHandler  stm32f4xx_it.o
    0x0800dad4   0x0800dad4   0x00000010   Code   RO          700    i.USART6_IRQHandler  stm32f4xx_it.o
    0x0800dae4   0x0800dae4   0x00000060   Code   RO         7325    i.Uart1_Task        uart_app.o
    0x0800db44   0x0800db44   0x00000064   Code   RO         7326    i.Uart2_Task        uart_app.o
    0x0800dba8   0x0800dba8   0x00000064   Code   RO         7327    i.Uart4_Task        uart_app.o
    0x0800dc0c   0x0800dc0c   0x00000030   Code   RO         7328    i.Uart5_Task        uart_app.o
    0x0800dc3c   0x0800dc3c   0x00000064   Code   RO         7329    i.Uart6_Task        uart_app.o
    0x0800dca0   0x0800dca0   0x00000138   Code   RO         7330    i.Uart_Init         uart_app.o
    0x0800ddd8   0x0800ddd8   0x00000090   Code   RO         6803    i.Uart_Printf       uart_driver.o
    0x0800de68   0x0800de68   0x00000018   Code   RO         6804    i.Uart_Tx_Init      uart_driver.o
    0x0800de80   0x0800de80   0x00000004   Code   RO          701    i.UsageFault_Handler  stm32f4xx_it.o
    0x0800de84   0x0800de84   0x00000038   Code   RO         7604    i.ZDT_Motor_Init    zdt_motor_app.o
    0x0800debc   0x0800debc   0x00000002   Code   RO         7605    i.ZDT_Motor_Task    zdt_motor_app.o
    0x0800debe   0x0800debe   0x00000030   Code   RO         8134    i.__ARM_fpclassify  m_wm.l(fpclassify.o)
    0x0800deee   0x0800deee   0x00000026   Code   RO         8136    i.__ARM_fpclassifyf  m_wm.l(fpclassifyf.o)
    0x0800df14   0x0800df14   0x00000010   Code   RO         2158    i.__NVIC_GetPriorityGrouping  stm32f4xx_hal_cortex.o
    0x0800df24   0x0800df24   0x00000028   Code   RO         2159    i.__NVIC_SetPriority  stm32f4xx_hal_cortex.o
    0x0800df4c   0x0800df4c   0x0000012c   Code   RO         7917    i.__hardfp_asinf    m_wm.l(asinf.o)
    0x0800e078   0x0800e078   0x000002ac   Code   RO         7929    i.__hardfp_atan2f   m_wm.l(atan2f.o)
    0x0800e324   0x0800e324   0x00000150   Code   RO         7941    i.__hardfp_cosf     m_wm.l(cosf.o)
    0x0800e474   0x0800e474   0x00000014   Code   RO         7953    i.__hardfp_fabs     m_wm.l(fabs.o)
    0x0800e488   0x0800e488   0x00000190   Code   RO         7973    i.__hardfp_sinf     m_wm.l(sinf.o)
    0x0800e618   0x0800e618   0x0000003a   Code   RO         7985    i.__hardfp_sqrtf    m_wm.l(sqrtf.o)
    0x0800e652   0x0800e652   0x00000006   Code   RO         8139    i.__mathlib_flt_infnan  m_wm.l(funder.o)
    0x0800e658   0x0800e658   0x00000006   Code   RO         8140    i.__mathlib_flt_infnan2  m_wm.l(funder.o)
    0x0800e65e   0x0800e65e   0x00000002   PAD
    0x0800e660   0x0800e660   0x00000010   Code   RO         8141    i.__mathlib_flt_invalid  m_wm.l(funder.o)
    0x0800e670   0x0800e670   0x00000010   Code   RO         8144    i.__mathlib_flt_underflow  m_wm.l(funder.o)
    0x0800e680   0x0800e680   0x00000154   Code   RO         8155    i.__mathlib_rredf2  m_wm.l(rredf.o)
    0x0800e7d4   0x0800e7d4   0x0000000e   Code   RO         8064    i._is_digit         c_w.l(__printf_wp.o)
    0x0800e7e2   0x0800e7e2   0x00000026   Code   RO         4668    i.bit_array_and     ebtn.o
    0x0800e808   0x0800e808   0x0000002e   Code   RO         4669    i.bit_array_assign  ebtn.o
    0x0800e836   0x0800e836   0x00000024   Code   RO         4670    i.bit_array_cmp     ebtn.o
    0x0800e85a   0x0800e85a   0x00000016   Code   RO         4671    i.bit_array_get     ebtn.o
    0x0800e870   0x0800e870   0x00000054   Code   RO         4672    i.bit_array_num_bits_set  ebtn.o
    0x0800e8c4   0x0800e8c4   0x00000026   Code   RO         4673    i.bit_array_or      ebtn.o
    0x0800e8ea   0x0800e8ea   0x00000002   PAD
    0x0800e8ec   0x0800e8ec   0x00000520   Code   RO         7092    i.complementary_filter_update  gyroscope_driver.o
    0x0800ee0c   0x0800ee0c   0x000002b8   Code   RO         7094    i.data_validity_check  gyroscope_driver.o
    0x0800f0c4   0x0800f0c4   0x00000058   Code   RO         4684    i.ebtn_get_current_state  ebtn.o
    0x0800f11c   0x0800f11c   0x0000004c   Code   RO         4686    i.ebtn_init         ebtn.o
    0x0800f168   0x0800f168   0x0000001a   Code   RO         4690    i.ebtn_process      ebtn.o
    0x0800f182   0x0800f182   0x00000038   Code   RO         4691    i.ebtn_process_btn  ebtn.o
    0x0800f1ba   0x0800f1ba   0x00000074   Code   RO         4692    i.ebtn_process_btn_combo  ebtn.o
    0x0800f22e   0x0800f22e   0x00000002   PAD
    0x0800f230   0x0800f230   0x000001c0   Code   RO         4693    i.ebtn_process_with_curr_state  ebtn.o
    0x0800f3f0   0x0800f3f0   0x0000000c   Code   RO         4695    i.ebtn_set_config   ebtn.o
    0x0800f3fc   0x0800f3fc   0x00000006   Code   RO         4696    i.ebtn_timer_sub    ebtn.o
    0x0800f402   0x0800f402   0x00000002   PAD
    0x0800f404   0x0800f404   0x0000002c   Code   RO         5214    i.i2cRead           icm20608_iic.o
    0x0800f430   0x0800f430   0x00000028   Code   RO         5215    i.i2cReadData       icm20608_iic.o
    0x0800f458   0x0800f458   0x0000002c   Code   RO         5216    i.i2cWrite          icm20608_iic.o
    0x0800f484   0x0800f484   0x00000054   Code   RO           15    i.main              main.o
    0x0800f4d8   0x0800f4d8   0x000000c8   Code   RO         6744    i.my_get_key_state  key_driver.o
    0x0800f5a0   0x0800f5a0   0x0000009c   Code   RO         7275    i.my_handle_key_event  key_app.o
    0x0800f63c   0x0800f63c   0x00000026   Code   RO         5276    i.pid_calculate_positional  pid.o
    0x0800f662   0x0800f662   0x0000007a   Code   RO         5279    i.pid_formula_positional  pid.o
    0x0800f6dc   0x0800f6dc   0x00000054   Code   RO         5280    i.pid_init          pid.o
    0x0800f730   0x0800f730   0x00000040   Code   RO         5281    i.pid_out_limit     pid.o
    0x0800f770   0x0800f770   0x00000006   Code   RO         5285    i.pid_set_target    pid.o
    0x0800f776   0x0800f776   0x00000002   PAD
    0x0800f778   0x0800f778   0x000001e8   Code   RO         4697    i.prv_process_btn   ebtn.o
    0x0800f960   0x0800f960   0x00000098   Code   RO         7095    i.quaternion_normalize  gyroscope_driver.o
    0x0800f9f8   0x0800f9f8   0x00000134   Code   RO         7096    i.quaternion_to_euler  gyroscope_driver.o
    0x0800fb2c   0x0800fb2c   0x0000003c   Code   RO         4854    i.rt_ringbuffer_data_len  ringbuffer.o
    0x0800fb68   0x0800fb68   0x000000a4   Code   RO         4855    i.rt_ringbuffer_get  ringbuffer.o
    0x0800fc0c   0x0800fc0c   0x00000030   Code   RO         4857    i.rt_ringbuffer_init  ringbuffer.o
    0x0800fc3c   0x0800fc3c   0x00000066   Code   RO         4858    i.rt_ringbuffer_peek  ringbuffer.o
    0x0800fca2   0x0800fca2   0x000000a8   Code   RO         4859    i.rt_ringbuffer_put  ringbuffer.o
    0x0800fd4a   0x0800fd4a   0x0000002a   Code   RO         4864    i.rt_ringbuffer_status  ringbuffer.o
    0x0800fd74   0x0800fd74   0x00000054   Code   RO         5958    i.spi_flash_buffer_read  gd25qxx.o
    0x0800fdc8   0x0800fdc8   0x00000110   Code   RO         5959    i.spi_flash_buffer_write  gd25qxx.o
    0x0800fed8   0x0800fed8   0x00000014   Code   RO         5961    i.spi_flash_init    gd25qxx.o
    0x0800feec   0x0800feec   0x0000005c   Code   RO         5962    i.spi_flash_page_write  gd25qxx.o
    0x0800ff48   0x0800ff48   0x00000054   Code   RO         5964    i.spi_flash_read_id  gd25qxx.o
    0x0800ff9c   0x0800ff9c   0x00000044   Code   RO         5965    i.spi_flash_sector_erase  gd25qxx.o
    0x0800ffe0   0x0800ffe0   0x00000020   Code   RO         5966    i.spi_flash_send_byte  gd25qxx.o
    0x08010000   0x08010000   0x00000038   Code   RO         5969    i.spi_flash_wait_for_write_end  gd25qxx.o
    0x08010038   0x08010038   0x00000024   Code   RO         5970    i.spi_flash_write_enable  gd25qxx.o
    0x0801005c   0x0801005c   0x0000003e   Code   RO         7987    i.sqrtf             m_wm.l(sqrtf.o)
    0x0801009a   0x0801009a   0x00000002   PAD
    0x0801009c   0x0801009c   0x0000002c   Code   RO         8254    locale$$code        c_w.l(lc_numeric_c.o)
    0x080100c8   0x080100c8   0x0000002c   Code   RO         8277    locale$$code        c_w.l(lc_ctype_c.o)
    0x080100f4   0x080100f4   0x00000062   Code   RO         7891    x$fpl$d2f           fz_wm.l(d2f.o)
    0x08010156   0x08010156   0x00000002   PAD
    0x08010158   0x08010158   0x00000150   Code   RO         7893    x$fpl$dadd          fz_wm.l(daddsub_clz.o)
    0x080102a8   0x080102a8   0x00000018   Code   RO         8099    x$fpl$dcmpinf       fz_wm.l(dcmpi.o)
    0x080102c0   0x080102c0   0x000002b0   Code   RO         7900    x$fpl$ddiv          fz_wm.l(ddiv.o)
    0x08010570   0x08010570   0x00000026   Code   RO         7903    x$fpl$dfltu         fz_wm.l(dflt_clz.o)
    0x08010596   0x08010596   0x00000002   PAD
    0x08010598   0x08010598   0x00000078   Code   RO         7909    x$fpl$dleqf         fz_wm.l(dleqf.o)
    0x08010610   0x08010610   0x00000154   Code   RO         7911    x$fpl$dmul          fz_wm.l(dmul.o)
    0x08010764   0x08010764   0x0000009c   Code   RO         8101    x$fpl$dnaninf       fz_wm.l(dnaninf.o)
    0x08010800   0x08010800   0x0000000c   Code   RO         8103    x$fpl$dretinf       fz_wm.l(dretinf.o)
    0x0801080c   0x0801080c   0x0000006c   Code   RO         7913    x$fpl$drleqf        fz_wm.l(drleqf.o)
    0x08010878   0x08010878   0x000001d4   Code   RO         7895    x$fpl$dsub          fz_wm.l(daddsub_clz.o)
    0x08010a4c   0x08010a4c   0x00000056   Code   RO         7915    x$fpl$f2d           fz_wm.l(f2d.o)
    0x08010aa2   0x08010aa2   0x0000008c   Code   RO         8105    x$fpl$fnaninf       fz_wm.l(fnaninf.o)
    0x08010b2e   0x08010b2e   0x0000000a   Code   RO         8347    x$fpl$fpinit        fz_wm.l(fpinit.o)
    0x08010b38   0x08010b38   0x0000000a   Code   RO         8107    x$fpl$fretinf       fz_wm.l(fretinf.o)
    0x08010b42   0x08010b42   0x00000004   Code   RO         8109    x$fpl$printf1       fz_wm.l(printf1.o)
    0x08010b46   0x08010b46   0x00000004   Code   RO         8111    x$fpl$printf2       fz_wm.l(printf2.o)
    0x08010b4a   0x08010b4a   0x00000000   Code   RO         8119    x$fpl$usenofp       fz_wm.l(usenofp.o)
    0x08010b4a   0x08010b4a   0x00000008   Data   RO         1872    .constdata          stm32f4xx_hal_dma.o
    0x08010b52   0x08010b52   0x00000018   Data   RO         4636    .constdata          system_stm32f4xx.o
    0x08010b6a   0x08010b6a   0x00001aa0   Data   RO         5072    .constdata          oledfont.o
    0x0801260a   0x0801260a   0x00000002   PAD
    0x0801260c   0x0801260c   0x00000040   Data   RO         6371    .constdata          easy_menu_user.o
    0x0801264c   0x0801264c   0x0000000e   Data   RO         6745    .constdata          key_driver.o
    0x0801265a   0x0801265a   0x00000002   PAD
    0x0801265c   0x0801265c   0x00000008   Data   RO         8023    .constdata          c_w.l(_printf_wctomb.o)
    0x08012664   0x08012664   0x00000028   Data   RO         8052    .constdata          c_w.l(_printf_hex_int_ll_ptr.o)
    0x0801268c   0x0801268c   0x00000011   Data   RO         8072    .constdata          c_w.l(__printf_flags_ss_wp.o)
    0x0801269d   0x0801269d   0x00000003   PAD
    0x080126a0   0x080126a0   0x00000020   Data   RO         8156    .constdata          m_wm.l(rredf.o)
    0x080126c0   0x080126c0   0x00000026   Data   RO         8199    .constdata          c_w.l(_printf_fp_hex.o)
    0x080126e6   0x080126e6   0x00000002   PAD
    0x080126e8   0x080126e8   0x00000094   Data   RO         8229    .constdata          c_w.l(bigflt0.o)
    0x0801277c   0x0801277c   0x0000000d   Data   RO         6372    .conststring        easy_menu_user.o
    0x08012789   0x08012789   0x00000003   PAD
    0x0801278c   0x0801278c   0x00000020   Data   RO         8405    Region$$Table       anon$$obj.o
    0x080127ac   0x080127ac   0x0000001c   Data   RO         8253    locale$$data        c_w.l(lc_numeric_c.o)
    0x080127c8   0x080127c8   0x00000110   Data   RO         8276    locale$$data        c_w.l(lc_ctype_c.o)


    Execution Region RW_IRAM1 (Exec base: 0x20000000, Load base: 0x080128d8, Size: 0x00010160, Max: 0x0001c000, ABSOLUTE, COMPRESSED[0x00000af8])

    Exec Addr    Load Addr    Size         Type   Attr      Idx    E Section Name        Object

    0x20000000   COMPRESSED   0x00000009   Data   RW         2322    .data               stm32f4xx_hal.o
    0x20000009   COMPRESSED   0x00000003   PAD
    0x2000000c   COMPRESSED   0x00000004   Data   RW         4637    .data               system_stm32f4xx.o
    0x20000010   COMPRESSED   0x0000001b   Data   RW         4958    .data               oled.o
    0x2000002b   COMPRESSED   0x00000002   Data   RW         5173    .data               icm20608.o
    0x2000002d   COMPRESSED   0x00000008   Data   RW         5881    .data               aht20.o
    0x20000035   COMPRESSED   0x00000003   PAD
    0x20000038   COMPRESSED   0x00000138   Data   RW         6373    .data               easy_menu_user.o
    0x20000170   COMPRESSED   0x00000024   Data   RW         6618    .data               pstwo.o
    0x20000194   COMPRESSED   0x00000001   Data   RW         6713    .data               led_driver.o
    0x20000195   COMPRESSED   0x00000003   PAD
    0x20000198   COMPRESSED   0x000000e1   Data   RW         6746    .data               key_driver.o
    0x20000279   COMPRESSED   0x00000003   PAD
    0x2000027c   COMPRESSED   0x00000008   Data   RW         6806    .data               uart_driver.o
    0x20000284   COMPRESSED   0x0000b001   Data   RW         6916    .data               oled_driver.o
    0x2000b285   COMPRESSED   0x00000003   PAD
    0x2000b288   COMPRESSED   0x00000020   Data   RW         7098    .data               gyroscope_driver.o
    0x2000b2a8   COMPRESSED   0x00000008   Data   RW         7198    .data               zdt_motor_driver.o
    0x2000b2b0   COMPRESSED   0x00000004   Data   RW         7239    .data               led_app.o
    0x2000b2b4   COMPRESSED   0x00000001   Data   RW         7424    .data               gray_app.o
    0x2000b2b5   COMPRESSED   0x00000003   PAD
    0x2000b2b8   COMPRESSED   0x00000015   Data   RW         7533    .data               gyroscope_app.o
    0x2000b2cd   COMPRESSED   0x00000003   PAD
    0x2000b2d0   COMPRESSED   0x0000002d   Data   RW         7570    .data               pid_app.o
    0x2000b2fd   COMPRESSED   0x00000001   Data   RW         7683    .data               flash_app.o
    0x2000b2fe   COMPRESSED   0x00000004   Data   RW         7725    .data               rtc_app.o
    0x2000b302   COMPRESSED   0x00000002   PAD
    0x2000b304   COMPRESSED   0x000000ac   Data   RW         7761    .data               scheduler.o
    0x2000b3b0   COMPRESSED   0x00000002   Data   RW         7834    .data               scheduler_task.o
    0x2000b3b2   COMPRESSED   0x00000002   PAD
    0x2000b3b4        -       0x00000108   Zero   RW          402    .bss                i2c.o
    0x2000b4bc        -       0x00000020   Zero   RW          449    .bss                rtc.o
    0x2000b4dc        -       0x00000058   Zero   RW          491    .bss                spi.o
    0x2000b534        -       0x00000168   Zero   RW          540    .bss                tim.o
    0x2000b69c        -       0x00000348   Zero   RW          621    .bss                usart.o
    0x2000b9e4        -       0x00000034   Zero   RW         4698    .bss                ebtn.o
    0x2000ba18        -       0x00000060   Zero   RW         6063    .bss                easy_menu.o
    0x2000ba78        -       0x00000910   Zero   RW         6370    .bss                easy_menu_user.o
    0x2000c388        -       0x00000009   Zero   RW         6617    .bss                pstwo.o
    0x2000c391   COMPRESSED   0x00000003   PAD
    0x2000c394        -       0x000017c8   Zero   RW         6805    .bss                uart_driver.o
    0x2000db5c        -       0x00000200   Zero   RW         6915    .bss                oled_driver.o
    0x2000dd5c        -       0x00000048   Zero   RW         7097    .bss                gyroscope_driver.o
    0x2000dda4        -       0x00000038   Zero   RW         7460    .bss                motor_app.o
    0x2000dddc        -       0x00000028   Zero   RW         7496    .bss                encoder_app.o
    0x2000de04        -       0x00000058   Zero   RW         7532    .bss                gyroscope_app.o
    0x2000de5c        -       0x00000078   Zero   RW         7569    .bss                pid_app.o
    0x2000ded4        -       0x00000014   Zero   RW         7642    .bss                aht20_app.o
    0x2000dee8        -       0x00000014   Zero   RW         7724    .bss                rtc_app.o
    0x2000defc        -       0x00000060   Zero   RW         8215    .bss                c_w.l(libspace.o)
    0x2000df5c   COMPRESSED   0x00000004   PAD
    0x2000df60        -       0x00001200   Zero   RW            2    HEAP                startup_stm32f407xx.o
    0x2000f160        -       0x00001000   Zero   RW            1    STACK               startup_stm32f407xx.o


    Execution Region RW_IRAM2 (Exec base: 0x2001c000, Load base: 0x080133d0, Size: 0x00000000, Max: 0x00004000, ABSOLUTE)

    **** No section assigned to this execution region ****


==============================================================================

Image component sizes


      Code (inc. data)   RO Data    RW Data    ZI Data      Debug   Object Name

       660         84          0          8          0       7802   aht20.o
        84         32          0          0         20       1905   aht20_app.o
       168          6          0          0          0        922   dma.o
      1000         20          0          0         96       9108   easy_menu.o
       276         26          0          0          0       9129   easy_menu_core.o
      1532         54          0          0          0      11820   easy_menu_item.o
      3584        328          0          0          0      11256   easy_menu_page.o
      4390       1468         77        312       2320      30945   easy_menu_user.o
      1580         24          0          0         52      19296   ebtn.o
       214          0          0          0          0       3875   emm_v5.o
       100         52          0          0         40       1363   encoder_app.o
       196         24          0          0          0       2330   encoder_driver.o
       242        130          0          1          0       2334   flash_app.o
       744         44          0          0          0       6888   gd25qxx.o
       392         20          0          0          0       1219   gpio.o
        56         30          0          1          0       1286   gray_app.o
       544        134          0         21         88       2387   gyroscope_app.o
      3808        196          0         32         72      13241   gyroscope_driver.o
        68          6          0          0          0       1425   hardware_iic.o
       448         48          0          0        264       2599   i2c.o
      1554         46          0          2          0       4086   icm20608.o
       144         16          0          0          0       3234   icm20608_iic.o
       210         44          0          0          0       2104   key_app.o
       268         34         14        225          0       9789   key_driver.o
        64         32          0          4          0       1568   led_app.o
       148         14          0          1          0       1102   led_driver.o
       274          8          0          0          0     731933   main.o
       102         36          0          0         56       1299   motor_app.o
       626          0          0          0          0       4813   motor_driver.o
       950         50          0         27          0       8081   oled.o
        74         32          0          0          0       1024   oled_app.o
      1042         54          0      45057        512      13046   oled_driver.o
         0          0       6816          0          0       1251   oledfont.o
       314          6          0          0          0       4075   pid.o
       260         54          0         45        120       2064   pid_app.o
       456         40          0         36          9       3328   pstwo.o
       584          0          0          0          0       7231   ringbuffer.o
       200         18          0          0         32       1819   rtc.o
       104         48          0          4         20       1305   rtc_app.o
       108         16          0        172          0       1844   scheduler.o
       268         72          0          2          0       2487   scheduler_task.o
       204         22          0          0         88       1829   spi.o
        64         26        392          0       8704        880   startup_stm32f407xx.o
       212         36          0          9          0       9705   stm32f4xx_hal.o
       312         22          0          0          0      34603   stm32f4xx_hal_cortex.o
      1450         16          8          0          0       8648   stm32f4xx_hal_dma.o
       528         46          0          0          0       2939   stm32f4xx_hal_gpio.o
      9554        128          0          0          0      42103   stm32f4xx_hal_i2c.o
        72          4          0          0          0        938   stm32f4xx_hal_msp.o
      1820         84          0          0          0       5900   stm32f4xx_hal_rcc.o
       416         20          0          0          0       1480   stm32f4xx_hal_rcc_ex.o
      1000         28          0          0          0       8405   stm32f4xx_hal_rtc.o
      1136         12          0          0          0       4841   stm32f4xx_hal_spi.o
      2968        172          0          0          0      20976   stm32f4xx_hal_tim.o
       300         30          0          0          0       3541   stm32f4xx_hal_tim_ex.o
      3148         28          0          0          0      18161   stm32f4xx_hal_uart.o
       242         78          0          0          0      11575   stm32f4xx_it.o
        20          6         24          4          0       1247   system_stm32f4xx.o
      1192         90          0          0        360       6376   tim.o
       758        284          0          0          0       3999   uart_app.o
       632        140          0          8       6088       6055   uart_driver.o
      1332        116          0          0        840       5195   usart.o
        58          8          0          0          0       1042   zdt_motor_app.o
       112         28          0          8          0       2166   zdt_motor_driver.o

    ----------------------------------------------------------------------
     55438       4770       7370      46004      19784    1151217   Object Totals
         0          0         32          0          0          0   (incl. Generated)
        72          0          7         25          3          0   (incl. Padding)

    ----------------------------------------------------------------------

      Code (inc. data)   RO Data    RW Data    ZI Data      Debug   Library Member Name

       100          0          0          0          0          0   __dclz77c.o
         8          0          0          0          0         68   __main.o
       392          4         17          0          0         92   __printf_flags_ss_wp.o
        14          0          0          0          0         68   __printf_wp.o
         0          0          0          0          0          0   __rtentry.o
        12          0          0          0          0          0   __rtentry2.o
         6          0          0          0          0          0   __rtentry4.o
        52          8          0          0          0          0   __scatter.o
        28          0          0          0          0          0   __scatter_zi.o
         6          0          0          0          0          0   _printf_a.o
         6          0          0          0          0          0   _printf_c.o
        44          0          0          0          0        108   _printf_char.o
        48          6          0          0          0         96   _printf_char_common.o
        40          0          0          0          0         68   _printf_charcount.o
         6          0          0          0          0          0   _printf_d.o
       120         16          0          0          0         92   _printf_dec.o
         6          0          0          0          0          0   _printf_e.o
         6          0          0          0          0          0   _printf_f.o
      1054          0          0          0          0        216   _printf_fp_dec.o
       764          8         38          0          0        100   _printf_fp_hex.o
       128         16          0          0          0         84   _printf_fp_infnan.o
         6          0          0          0          0          0   _printf_g.o
       148          4         40          0          0        160   _printf_hex_int_ll_ptr.o
         6          0          0          0          0          0   _printf_i.o
       178          0          0          0          0         88   _printf_intcommon.o
        10          0          0          0          0          0   _printf_l.o
         6          0          0          0          0          0   _printf_lc.o
        10          0          0          0          0          0   _printf_ll.o
         6          0          0          0          0          0   _printf_lld.o
         6          0          0          0          0          0   _printf_lli.o
         6          0          0          0          0          0   _printf_llo.o
         6          0          0          0          0          0   _printf_llu.o
         6          0          0          0          0          0   _printf_llx.o
       124         16          0          0          0         92   _printf_longlong_dec.o
         6          0          0          0          0          0   _printf_ls.o
         6          0          0          0          0          0   _printf_n.o
         6          0          0          0          0          0   _printf_o.o
       112         10          0          0          0        124   _printf_oct_int_ll.o
         6          0          0          0          0          0   _printf_p.o
        78          0          0          0          0        108   _printf_pad.o
         0          0          0          0          0          0   _printf_percent.o
         4          0          0          0          0          0   _printf_percent_end.o
         6          0          0          0          0          0   _printf_s.o
        82          0          0          0          0         80   _printf_str.o
        36          0          0          0          0         84   _printf_truncate.o
         6          0          0          0          0          0   _printf_u.o
        44          0          0          0          0        108   _printf_wchar.o
       188          6          8          0          0         92   _printf_wctomb.o
         6          0          0          0          0          0   _printf_x.o
        22          0          0          0          0        100   _rserrno.o
        16          0          0          0          0         68   _snputc.o
        10          0          0          0          0         68   _sputc.o
        64          0          0          0          0         92   _wcrtomb.o
       228          4        148          0          0         96   bigflt0.o
      1936        128          0          0          0        672   btod.o
        18          0          0          0          0         80   exit.o
         6          0          0          0          0        152   heapauxi.o
         0          0          0          0          0          0   indicate_semi.o
        44         10        272          0          0         76   lc_ctype_c.o
        44         10         28          0          0         76   lc_numeric_c.o
         2          0          0          0          0          0   libinit.o
        34          0          0          0          0          0   libinit2.o
         2          0          0          0          0          0   libshutdown.o
         2          0          0          0          0          0   libshutdown2.o
         8          4          0          0         96         68   libspace.o
       138          0          0          0          0         80   lludiv10.o
       238          0          0          0          0        100   lludivv7m.o
        88          0          0          0          0         76   memcmp.o
        16          4          0          0          0         76   rt_ctype_table.o
         8          4          0          0          0         68   rt_errno_addr_intlibspace.o
         8          4          0          0          0         68   rt_locale_intlibspace.o
        68          0          0          0          0         68   rt_memclr.o
        78          0          0          0          0         80   rt_memclr_w.o
       138          0          0          0          0         68   rt_memcpy_v6.o
       100          0          0          0          0         80   rt_memcpy_w.o
         2          0          0          0          0          0   rtexit.o
        10          0          0          0          0          0   rtexit2.o
       128          0          0          0          0         68   strcmpv7m.o
        62          0          0          0          0         76   strlen.o
        12          4          0          0          0         68   sys_exit.o
        74          0          0          0          0         80   sys_stackheap_outer.o
         2          0          0          0          0         68   use_no_semi.o
        52          4          0          0          0         80   vsnprintf.o
        98          4          0          0          0        140   d2f.o
       804         16          0          0          0        368   daddsub_clz.o
        24          0          0          0          0        116   dcmpi.o
       688        140          0          0          0        256   ddiv.o
        38          0          0          0          0        116   dflt_clz.o
       120          4          0          0          0        140   dleqf.o
       340         12          0          0          0        152   dmul.o
       156          4          0          0          0        140   dnaninf.o
        12          0          0          0          0        116   dretinf.o
       108          0          0          0          0        128   drleqf.o
        86          4          0          0          0        132   f2d.o
       140          4          0          0          0        132   fnaninf.o
        10          0          0          0          0        116   fpinit.o
        10          0          0          0          0        116   fretinf.o
         4          0          0          0          0        116   printf1.o
         4          0          0          0          0        116   printf2.o
         0          0          0          0          0          0   usenofp.o
       300         42          0          0          0        176   asinf.o
       684         90          0          0          0        208   atan2f.o
       336         56          0          0          0        136   cosf.o
        20          0          0          0          0        124   fabs.o
        48          0          0          0          0        124   fpclassify.o
        38          0          0          0          0        116   fpclassifyf.o
        44         12          0          0          0        464   funder.o
       340         24         32          0          0        160   rredf.o
       400         56          0          0          0        212   sinf.o
       120          0          0          0          0        272   sqrtf.o

    ----------------------------------------------------------------------
     12596        738        588          0        100       9072   Library Totals
        22          0          5          0          4          0   (incl. Padding)

    ----------------------------------------------------------------------

      Code (inc. data)   RO Data    RW Data    ZI Data      Debug   Library Name

      7602        270        551          0         96       4680   c_w.l
      2642        188          0          0          0       2400   fz_wm.l
      2330        280         32          0          0       1992   m_wm.l

    ----------------------------------------------------------------------
     12596        738        588          0        100       9072   Library Totals

    ----------------------------------------------------------------------

==============================================================================


      Code (inc. data)   RO Data    RW Data    ZI Data      Debug   

     68034       5508       7958      46004      19884    1114789   Grand Totals
     68034       5508       7958       2808      19884    1114789   ELF Image Totals (compressed)
     68034       5508       7958       2808          0          0   ROM Totals

==============================================================================

    Total RO  Size (Code + RO Data)                75992 (  74.21kB)
    Total RW  Size (RW Data + ZI Data)             65888 (  64.34kB)
    Total ROM Size (Code + RO Data + RW Data)      78800 (  76.95kB)

==============================================================================

